<html>
<body>
<pre>
<h1>礦ision Build Log</h1>
<h2>Tool Versions:</h2>
IDE-Version: μVision V5.20.0.0
Copyright (C) 2016 ARM Ltd and ARM Germany GmbH. All rights reserved.
License Information: a a, a, LIC=NHYII-TYIZ1-ZEYH2-9XZSM-0RQ7N-LEXA0
 
Tool Versions:
Toolchain:       MDK-ARM Professional  Version: 5.20
Toolchain Path:  D:\software\KELL520\Keil_v5\ARM\ARMCC\Bin
C Compiler:      Armcc.exe V5.06 update 2 (build 183)
Assembler:       Armasm.exe V5.06 update 2 (build 183)
Linker/Locator:  ArmLink.exe V5.06 update 2 (build 183)
Library Manager: ArmAr.exe V5.06 update 2 (build 183)
Hex Converter:   FromElf.exe V5.06 update 2 (build 183)
CPU DLL:         SARMCM3.DLL V5.20
Dialog DLL:      DARMSTM.DLL V1.66.0.0
Target DLL:      STLink\ST-LINKIII-KEIL_SWO.dll V2.0.18.0
Dialog DLL:      TARMSTM.DLL V1.65.0.0
 
<h2>Project:</h2>
E:\文档(E)\stm32\精英板 资料盘(A盘)\4，程序源码\2，标准例程-库函数版本\实验31 无线通信实验 - lora\USER\NRF24L01.uvprojx
Project File Date:  07/16/2019

<h2>Output:</h2>
*** Using Compiler 'V5.06 update 2 (build 183)', folder: 'D:\software\KELL520\Keil_v5\ARM\ARMCC\Bin'
Build target 'NRF24L01'
compiling main.c...
main.c(112): warning:  #223-D: function "strlen" declared implicitly
  				if( strlen(Buffer) != 0 )
main.c(44): warning:  #177-D: variable "txN" was declared but never referenced
  	uint8_t txN=0;
main.c(45): warning:  #177-D: variable "sendBuf" was declared but never referenced
  	char sendBuf[20];	 
main.c: 3 warnings, 0 errors
linking...
Program Size: Code=51036 RO-data=7856 RW-data=256 ZI-data=3040  
FromELF: creating hex file...
"..\OBJ\NRF24L01.axf" - 0 Error(s), 3 Warning(s).

<h2>Collection of Component include folders:</h2>
  E:\文档(E)\stm32\精英板 资料盘(A盘)\4，程序源码\2，标准例程-库函数版本\实验31 无线通信实验 - lora\USER\RTE
  D:\software\KELL520\Keil_v5\ARM\PACK\Keil\STM32F1xx_DFP\2.1.0\Device\Include

<h2>Collection of Component Files used:</h2>
Build Time Elapsed:  00:00:02
</pre>
</body>
</html>
