Component: ARM Compiler 5.06 update 2 (build 183) Tool: armlink [4d35b7]

==============================================================================

Section Cross References

    main.o(.text) refers to _printf_percent.o(.ARM.Collect$$_printf_percent$$00000000) for _printf_percent
    main.o(.text) refers to _printf_s.o(.ARM.Collect$$_printf_percent$$00000014) for _printf_s
    main.o(.text) refers to _printf_str.o(.text) for _printf_str
    main.o(.text) refers to _printf_d.o(.ARM.Collect$$_printf_percent$$00000009) for _printf_d
    main.o(.text) refers to _printf_dec.o(.text) for _printf_int_dec
    main.o(.text) refers to _printf_pad.o(.text) for _printf_pre_padding
    main.o(.text) refers to _printf_x.o(.ARM.Collect$$_printf_percent$$0000000C) for _printf_x
    main.o(.text) refers to _printf_hex_int.o(.text) for _printf_longlong_hex
    main.o(.text) refers to delay.o(.text) for delay_init
    main.o(.text) refers to misc.o(.text) for NVIC_PriorityGroupConfig
    main.o(.text) refers to usart.o(.text) for uart_init
    main.o(.text) refers to led.o(.text) for LED_Init
    main.o(.text) refers to key.o(.text) for KEY_Init
    main.o(.text) refers to lcd.o(.text) for LCD_Init
    main.o(.text) refers to noretval__2printf.o(.text) for __2printf
    main.o(.text) refers to timer.o(.text) for TIM3_Int_Init
    main.o(.text) refers to modbus.o(.text) for Modbus_Init
    main.o(.text) refers to radio.o(.text) for RadioDriverInit
    main.o(.text) refers to strlen.o(.text) for strlen
    main.o(.text) refers to lcd.o(.data) for POINT_COLOR
    main.o(.text) refers to main.o(.conststring) for .conststring
    main.o(.text) refers to main.o(.data) for Radio
    main.o(.text) refers to main.o(.bss) for Buffer
    main.o(.text) refers to lcd.o(.bss) for lcddev
    main.o(.text) refers to sx1276-lora.o(.data) for LoRaSettings
    main.o(.text) refers to modbus.o(.data) for frame_num
    system_stm32f10x.o(.text) refers to system_stm32f10x.o(.data) for SystemCoreClock
    led.o(.text) refers to stm32f10x_rcc.o(.text) for RCC_APB2PeriphClockCmd
    led.o(.text) refers to stm32f10x_gpio.o(.text) for GPIO_Init
    key.o(.text) refers to stm32f10x_rcc.o(.text) for RCC_APB2PeriphClockCmd
    key.o(.text) refers to stm32f10x_gpio.o(.text) for GPIO_Init
    key.o(.text) refers to delay.o(.text) for delay_ms
    key.o(.text) refers to key.o(.data) for key_up
    lcd.o(.text) refers to _printf_percent.o(.ARM.Collect$$_printf_percent$$00000000) for _printf_percent
    lcd.o(.text) refers to _printf_x.o(.ARM.Collect$$_printf_percent$$0000000C) for _printf_x
    lcd.o(.text) refers to _printf_hex_int.o(.text) for _printf_longlong_hex
    lcd.o(.text) refers to delay.o(.text) for delay_us
    lcd.o(.text) refers to lcd.o(.bss) for lcddev
    lcd.o(.text) refers to lcd.o(.data) for POINT_COLOR
    lcd.o(.text) refers to dflt_clz.o(x$fpl$dfltu) for __aeabi_ui2d
    lcd.o(.text) refers to dmul.o(x$fpl$dmul) for __aeabi_dmul
    lcd.o(.text) refers to dfixu.o(x$fpl$dfixu) for __aeabi_d2uiz
    lcd.o(.text) refers to stm32f10x_rcc.o(.text) for RCC_AHBPeriphClockCmd
    lcd.o(.text) refers to stm32f10x_gpio.o(.text) for GPIO_Init
    lcd.o(.text) refers to stm32f10x_fsmc.o(.text) for FSMC_NORSRAMInit
    lcd.o(.text) refers to noretval__2printf.o(.text) for __2printf
    lcd.o(.text) refers to lcd.o(.constdata) for asc2_1206
    spi.o(.text) refers to stm32f10x_spi.o(.text) for SPI_I2S_GetFlagStatus
    spi.o(.text) refers to stm32f10x_rcc.o(.text) for RCC_APB2PeriphClockCmd
    spi.o(.text) refers to stm32f10x_gpio.o(.text) for GPIO_Init
    24l01.o(.text) refers to stm32f10x_rcc.o(.text) for RCC_APB2PeriphClockCmd
    24l01.o(.text) refers to stm32f10x_gpio.o(.text) for GPIO_Init
    24l01.o(.text) refers to spi.o(.text) for SPI2_Init
    24l01.o(.text) refers to stm32f10x_spi.o(.text) for SPI_Cmd
    24l01.o(.text) refers to 24l01.o(.constdata) for RX_ADDRESS
    timer.o(.text) refers to stm32f10x_rcc.o(.text) for RCC_APB1PeriphClockCmd
    timer.o(.text) refers to stm32f10x_tim.o(.text) for TIM_TimeBaseInit
    timer.o(.text) refers to misc.o(.text) for NVIC_Init
    timer.o(.text) refers to sx12xxeiger.o(.data) for TickCounter
    modbus.o(.text) refers to rt_memclr.o(.text) for __aeabi_memclr
    modbus.o(.text) refers to memcmp.o(.text) for memcmp
    modbus.o(.text) refers to rt_memcpy_v6.o(.text) for __aeabi_memcpy
    modbus.o(.text) refers to modbus.o(.constdata) for auchCRCHi
    modbus.o(.text) refers to modbus.o(.bss) for Modbus_TX_BUFF
    modbus.o(.text) refers to modbus.o(.data) for tF
    modbus.o(.text) refers to main.o(.data) for Radio
    delay.o(.text) refers to misc.o(.text) for SysTick_CLKSourceConfig
    delay.o(.text) refers to system_stm32f10x.o(.data) for SystemCoreClock
    delay.o(.text) refers to delay.o(.data) for fac_us
    usart.o(.text) refers (Special) to use_no_semi_2.o(.text) for __use_no_semihosting
    usart.o(.text) refers to stm32f10x_rcc.o(.text) for RCC_APB2PeriphClockCmd
[...]
    _get_lc_time                              - Undefined Weak Reference
    _getenv_init                              - Undefined Weak Reference
    _handle_redirection                       - Undefined Weak Reference
    _init_alloc                               - Undefined Weak Reference
    _init_user_alloc                          - Undefined Weak Reference
    _initio                                   - Undefined Weak Reference
    _mutex_acquire                            - Undefined Weak Reference
    _mutex_release                            - Undefined Weak Reference
    _printf_mbtowc                            - Undefined Weak Reference
    _printf_truncate_signed                   - Undefined Weak Reference
    _printf_truncate_unsigned                 - Undefined Weak Reference
    _rand_init                                - Undefined Weak Reference
    _signal_finish                            - Undefined Weak Reference
    _signal_init                              - Undefined Weak Reference
    _terminate_alloc                          - Undefined Weak Reference
    _terminate_user_alloc                     - Undefined Weak Reference
    _terminateio                              - Undefined Weak Reference
    __Vectors_Size                           0x00000130   Number         0  startup_stm32f10x_hd.o ABSOLUTE
    __Vectors                                0x08000000   Data           4  startup_stm32f10x_hd.o(RESET)
    __Vectors_End                            0x08000130   Data           0  startup_stm32f10x_hd.o(RESET)
    __main                                   0x08000131   Thumb Code     8  __main.o(!!!main)
    __scatterload                            0x08000139   Thumb Code     0  __scatter.o(!!!scatter)
    __scatterload_rt2                        0x08000139   Thumb Code    44  __scatter.o(!!!scatter)
    __scatterload_rt2_thumb_only             0x08000139   Thumb Code     0  __scatter.o(!!!scatter)
    __scatterload_null                       0x08000147   Thumb Code     0  __scatter.o(!!!scatter)
    __scatterload_copy                       0x0800016d   Thumb Code    26  __scatter_copy.o(!!handler_copy)
    __scatterload_zeroinit                   0x08000189   Thumb Code    28  __scatter_zi.o(!!handler_zi)
    _printf_d                                0x080001a5   Thumb Code     0  _printf_d.o(.ARM.Collect$$_printf_percent$$00000009)
    _printf_percent                          0x080001a5   Thumb Code     0  _printf_percent.o(.ARM.Collect$$_printf_percent$$00000000)
    _printf_x                                0x080001ab   Thumb Code     0  _printf_x.o(.ARM.Collect$$_printf_percent$$0000000C)
    _printf_s                                0x080001b1   Thumb Code     0  _printf_s.o(.ARM.Collect$$_printf_percent$$00000014)
    _printf_percent_end                      0x080001b7   Thumb Code     0  _printf_percent_end.o(.ARM.Collect$$_printf_percent$$00000017)
    __rt_lib_init                            0x080001bb   Thumb Code     0  libinit.o(.ARM.Collect$$libinit$$00000000)
    __rt_lib_init_alloca_1                   0x080001bd   Thumb Code     0  libinit2.o(.ARM.Collect$$libinit$$0000002E)
    __rt_lib_init_argv_1                     0x080001bd   Thumb Code     0  libinit2.o(.ARM.Collect$$libinit$$0000002C)
    __rt_lib_init_atexit_1                   0x080001bd   Thumb Code     0  libinit2.o(.ARM.Collect$$libinit$$0000001B)
    __rt_lib_init_clock_1                    0x080001bd   Thumb Code     0  libinit2.o(.ARM.Collect$$libinit$$00000021)
    __rt_lib_init_cpp_1                      0x080001bd   Thumb Code     0  libinit2.o(.ARM.Collect$$libinit$$00000032)
    __rt_lib_init_exceptions_1               0x080001bd   Thumb Code     0  libinit2.o(.ARM.Collect$$libinit$$00000030)
    __rt_lib_init_fp_1                       0x080001bd   Thumb Code     0  libinit2.o(.ARM.Collect$$libinit$$00000002)
    __rt_lib_init_fp_trap_1                  0x080001bd   Thumb Code     0  libinit2.o(.ARM.Collect$$libinit$$0000001F)
    __rt_lib_init_getenv_1                   0x080001bd   Thumb Code     0  libinit2.o(.ARM.Collect$$libinit$$00000023)
    __rt_lib_init_heap_1                     0x080001bd   Thumb Code     0  libinit2.o(.ARM.Collect$$libinit$$0000000A)
    __rt_lib_init_lc_collate_1               0x080001bd   Thumb Code     0  libinit2.o(.ARM.Collect$$libinit$$00000011)
    __rt_lib_init_lc_ctype_1                 0x080001bd   Thumb Code     0  libinit2.o(.ARM.Collect$$libinit$$00000013)
    __rt_lib_init_lc_monetary_1              0x080001bd   Thumb Code     0  libinit2.o(.ARM.Collect$$libinit$$00000015)
    __rt_lib_init_lc_numeric_1               0x080001bd   Thumb Code     0  libinit2.o(.ARM.Collect$$libinit$$00000017)
    __rt_lib_init_lc_time_1                  0x080001bd   Thumb Code     0  libinit2.o(.ARM.Collect$$libinit$$00000019)
    __rt_lib_init_preinit_1                  0x080001bd   Thumb Code     0  libinit2.o(.ARM.Collect$$libinit$$00000004)
    __rt_lib_init_rand_1                     0x080001bd   Thumb Code     0  libinit2.o(.ARM.Collect$$libinit$$0000000E)
    __rt_lib_init_return                     0x080001bd   Thumb Code     0  libinit2.o(.ARM.Collect$$libinit$$00000033)
    __rt_lib_init_signal_1                   0x080001bd   Thumb Code     0  libinit2.o(.ARM.Collect$$libinit$$0000001D)
    __rt_lib_init_stdio_1                    0x080001bd   Thumb Code     0  libinit2.o(.ARM.Collect$$libinit$$00000025)
    __rt_lib_init_user_alloc_1               0x080001bd   Thumb Code     0  libinit2.o(.ARM.Collect$$libinit$$0000000C)
    __rt_lib_shutdown                        0x080001bf   Thumb Code     0  libshutdown.o(.ARM.Collect$$libshutdown$$00000000)
    __rt_lib_shutdown_cpp_1                  0x080001c1   Thumb Code     0  libshutdown2.o(.ARM.Collect$$libshutdown$$00000002)
    __rt_lib_shutdown_fp_trap_1              0x080001c1   Thumb Code     0  libshutdown2.o(.ARM.Collect$$libshutdown$$00000007)
    __rt_lib_shutdown_heap_1                 0x080001c1   Thumb Code     0  libshutdown2.o(.ARM.Collect$$libshutdown$$0000000F)
    __rt_lib_shutdown_return                 0x080001c1   Thumb Code     0  libshutdown2.o(.ARM.Collect$$libshutdown$$00000010)
    __rt_lib_shutdown_signal_1               0x080001c1   Thumb Code     0  libshutdown2.o(.ARM.Collect$$libshutdown$$0000000A)
    __rt_lib_shutdown_stdio_1                0x080001c1   Thumb Code     0  libshutdown2.o(.ARM.Collect$$libshutdown$$00000004)
    __rt_lib_shutdown_user_alloc_1           0x080001c1   Thumb Code     0  libshutdown2.o(.ARM.Collect$$libshutdown$$0000000C)
    __rt_entry                               0x080001c3   Thumb Code     0  __rtentry.o(.ARM.Collect$$rtentry$$00000000)
    __rt_entry_presh_1                       0x080001c3   Thumb Code     0  __rtentry2.o(.ARM.Collect$$rtentry$$00000002)
    __rt_entry_sh                            0x080001c3   Thumb Code     0  __rtentry4.o(.ARM.Collect$$rtentry$$00000004)
    __rt_entry_li                            0x080001c9   Thumb Code     0  __rtentry2.o(.ARM.Collect$$rtentry$$0000000A)
    __rt_entry_postsh_1                      0x080001c9   Thumb Code     0  __rtentry2.o(.ARM.Collect$$rtentry$$00000009)
    __rt_entry_main                          0x080001cd   Thumb Code     0  __rtentry2.o(.ARM.Collect$$rtentry$$0000000D)
    __rt_entry_postli_1                      0x080001cd   Thumb Code     0  __rtentry2.o(.ARM.Collect$$rtentry$$0000000C)
    __rt_exit                                0x080001d5   Thumb Code     0  rtexit.o(.ARM.Collect$$rtexit$$00000000)
    __rt_exit_ls                             0x080001d7   Thumb Code     0  rtexit2.o(.ARM.Collect$$rtexit$$00000003)
    __rt_exit_prels_1                        0x080001d7   Thumb Code     0  rtexit2.o(.ARM.Collect$$rtexit$$00000002)
    __rt_exit_exit                           0x080001db   Thumb Code     0  rtexit2.o(.ARM.Collect$$rtexit$$00000004)
    main                                     0x080001e1   Thumb Code  1680  main.o(.text)
    NMI_Handler                              0x080008e9   Thumb Code     2  stm32f10x_it.o(.text)
    HardFault_Handler                        0x080008eb   Thumb Code     4  stm32f10x_it.o(.text)
    MemManage_Handler                        0x080008ef   Thumb Code     4  stm32f10x_it.o(.text)
    BusFault_Handler                         0x080008f3   Thumb Code     4  stm32f10x_it.o(.text)
    UsageFault_Handler                       0x080008f7   Thumb Code     4  stm32f10x_it.o(.text)
    SVC_Handler                              0x080008fb   Thumb Code     2  stm32f10x_it.o(.text)
    DebugMon_Handler                         0x080008fd   Thumb Code     2  stm32f10x_it.o(.text)
    PendSV_Handler                           0x080008ff   Thumb Code     2  stm32f10x_it.o(.text)
    SysTick_Handler                          0x08000901   Thumb Code     2  stm32f10x_it.o(.text)
    SystemInit                               0x080009e3   Thumb Code    78  system_stm32f10x.o(.text)
    SystemCoreClockUpdate                    0x08000a31   Thumb Code   142  system_stm32f10x.o(.text)
    LED_Init                                 0x08000ae5   Thumb Code    68  led.o(.text)
    KEY_Init                                 0x08000b31   Thumb Code    52  key.o(.text)
    KEY_Scan                                 0x08000b65   Thumb Code   150  key.o(.text)
    LCD_WR_REG                               0x08000c09   Thumb Code     6  lcd.o(.text)
    LCD_WR_DATA                              0x08000c0f   Thumb Code     8  lcd.o(.text)
    LCD_RD_DATA                              0x08000c17   Thumb Code    16  lcd.o(.text)
    LCD_WriteReg                             0x08000c27   Thumb Code    10  lcd.o(.text)
    LCD_ReadReg                              0x08000c31   Thumb Code    22  lcd.o(.text)
    LCD_WriteRAM_Prepare                     0x08000c47   Thumb Code    10  lcd.o(.text)
    LCD_WriteRAM                             0x08000c51   Thumb Code     8  lcd.o(.text)
    LCD_BGR2RGB                              0x08000c59   Thumb Code    26  lcd.o(.text)
    opt_delay                                0x08000c73   Thumb Code    14  lcd.o(.text)
    LCD_SetCursor                            0x08000c81   Thumb Code   418  lcd.o(.text)
    LCD_ReadPoint                            0x08000e23   Thumb Code   360  lcd.o(.text)
    LCD_DisplayOn                            0x08000f8b   Thumb Code   102  lcd.o(.text)
    LCD_DisplayOff                           0x08000ff1   Thumb Code    90  lcd.o(.text)
    LCD_Scan_Dir                             0x0800104b   Thumb Code   744  lcd.o(.text)
    LCD_DrawPoint                            0x08001333   Thumb Code    28  lcd.o(.text)
    LCD_Fast_DrawPoint                       0x0800134f   Thumb Code   384  lcd.o(.text)
    LCD_SSD_BackLightSet                     0x080014cf   Thumb Code    80  lcd.o(.text)
    LCD_Display_Dir                          0x0800151f   Thumb Code   444  lcd.o(.text)
    LCD_Set_Window                           0x080016db   Thumb Code   540  lcd.o(.text)
    LCD_Clear                                0x080018f7   Thumb Code   100  lcd.o(.text)
    LCD_Init                                 0x0800195b   Thumb Code 14184  lcd.o(.text)
    LCD_Fill                                 0x080050c3   Thumb Code   178  lcd.o(.text)
    LCD_Color_Fill                           0x08005175   Thumb Code   106  lcd.o(.text)
    LCD_DrawLine                             0x080051df   Thumb Code   176  lcd.o(.text)
    LCD_DrawRectangle                        0x0800528f   Thumb Code    60  lcd.o(.text)
    LCD_Draw_Circle                          0x080052cb   Thumb Code   152  lcd.o(.text)
    LCD_ShowChar                             0x08005363   Thumb Code   272  lcd.o(.text)
    LCD_Pow                                  0x08005473   Thumb Code    22  lcd.o(.text)
    LCD_ShowNum                              0x08005489   Thumb Code   148  lcd.o(.text)
    LCD_ShowxNum                             0x0800551d   Thumb Code   220  lcd.o(.text)
    LCD_ShowString                           0x080055f9   Thumb Code   102  lcd.o(.text)
    SPI2_ReadWriteByte                       0x08005661   Thumb Code    78  spi.o(.text)
    SPI2_Init                                0x080056af   Thumb Code   138  spi.o(.text)
    SPI2_SetSpeed                            0x08005739   Thumb Code    36  spi.o(.text)
    SpiInOut                                 0x0800575d   Thumb Code    12  spi.o(.text)
    TIM3_Int_Init                            0x08005771   Thumb Code    90  timer.o(.text)
    TIM3_IRQHandler                          0x080057cb   Thumb Code    32  timer.o(.text)
    CRC_Compute                              0x080057f5   Thumb Code    48  modbus.o(.text)
    Modbus_Init                              0x08005825   Thumb Code    32  modbus.o(.text)
    Modbus_SendData                          0x08005845   Thumb Code    18  modbus.o(.text)
    Modbus_PING                              0x08005857   Thumb Code    96  modbus.o(.text)
    Modbus_PONG                              0x080058b7   Thumb Code   110  modbus.o(.text)
    Modbus_Addr_If                           0x08005925   Thumb Code    30  modbus.o(.text)
    Modbus_Service                           0x08005943   Thumb Code   164  modbus.o(.text)
    delay_init                               0x08005a39   Thumb Code    50  delay.o(.text)
    delay_us                                 0x08005a6b   Thumb Code    72  delay.o(.text)
    delay_ms                                 0x08005ab3   Thumb Code    72  delay.o(.text)
    _sys_exit                                0x08005b0d   Thumb Code     6  usart.o(.text)
    fputc                                    0x08005b13   Thumb Code    24  usart.o(.text)
    uart_init                                0x08005b2b   Thumb Code   152  usart.o(.text)
    USART1_IRQHandler                        0x08005bc3   Thumb Code   122  usart.o(.text)
    Reset_Handler                            0x08005c4d   Thumb Code     8  startup_stm32f10x_hd.o(.text)
    ADC1_2_IRQHandler                        0x08005c67   Thumb Code     0  startup_stm32f10x_hd.o(.text)
    ADC3_IRQHandler                          0x08005c67   Thumb Code     0  startup_stm32f10x_hd.o(.text)
    CAN1_RX1_IRQHandler                      0x08005c67   Thumb Code     0  startup_stm32f10x_hd.o(.text)
    CAN1_SCE_IRQHandler                      0x08005c67   Thumb Code     0  startup_stm32f10x_hd.o(.text)
    DMA1_Channel1_IRQHandler                 0x08005c67   Thumb Code     0  startup_stm32f10x_hd.o(.text)
    DMA1_Channel2_IRQHandler                 0x08005c67   Thumb Code     0  startup_stm32f10x_hd.o(.text)
    DMA1_Channel3_IRQHandler                 0x08005c67   Thumb Code     0  startup_stm32f10x_hd.o(.text)
    DMA1_Channel4_IRQHandler                 0x08005c67   Thumb Code     0  startup_stm32f10x_hd.o(.text)
    DMA1_Channel5_IRQHandler                 0x08005c67   Thumb Code     0  startup_stm32f10x_hd.o(.text)
    DMA1_Channel6_IRQHandler                 0x08005c67   Thumb Code     0  startup_stm32f10x_hd.o(.text)
    DMA1_Channel7_IRQHandler                 0x08005c67   Thumb Code     0  startup_stm32f10x_hd.o(.text)
    DMA2_Channel1_IRQHandler                 0x08005c67   Thumb Code     0  startup_stm32f10x_hd.o(.text)
    DMA2_Channel2_IRQHandler                 0x08005c67   Thumb Code     0  startup_stm32f10x_hd.o(.text)
    DMA2_Channel3_IRQHandler                 0x08005c67   Thumb Code     0  startup_stm32f10x_hd.o(.text)
    DMA2_Channel4_5_IRQHandler               0x08005c67   Thumb Code     0  startup_stm32f10x_hd.o(.text)
    EXTI0_IRQHandler                         0x08005c67   Thumb Code     0  startup_stm32f10x_hd.o(.text)
    EXTI15_10_IRQHandler                     0x08005c67   Thumb Code     0  startup_stm32f10x_hd.o(.text)
    EXTI1_IRQHandler                         0x08005c67   Thumb Code     0  startup_stm32f10x_hd.o(.text)
    EXTI2_IRQHandler                         0x08005c67   Thumb Code     0  startup_stm32f10x_hd.o(.text)
    EXTI3_IRQHandler                         0x08005c67   Thumb Code     0  startup_stm32f10x_hd.o(.text)
    EXTI4_IRQHandler                         0x08005c67   Thumb Code     0  startup_stm32f10x_hd.o(.text)
    EXTI9_5_IRQHandler                       0x08005c67   Thumb Code     0  startup_stm32f10x_hd.o(.text)
    FLASH_IRQHandler                         0x08005c67   Thumb Code     0  startup_stm32f10x_hd.o(.text)
    FSMC_IRQHandler                          0x08005c67   Thumb Code     0  startup_stm32f10x_hd.o(.text)
    I2C1_ER_IRQHandler                       0x08005c67   Thumb Code     0  startup_stm32f10x_hd.o(.text)
    I2C1_EV_IRQHandler                       0x08005c67   Thumb Code     0  startup_stm32f10x_hd.o(.text)
    I2C2_ER_IRQHandler                       0x08005c67   Thumb Code     0  startup_stm32f10x_hd.o(.text)
    I2C2_EV_IRQHandler                       0x08005c67   Thumb Code     0  startup_stm32f10x_hd.o(.text)
    PVD_IRQHandler                           0x08005c67   Thumb Code     0  startup_stm32f10x_hd.o(.text)
    RCC_IRQHandler                           0x08005c67   Thumb Code     0  startup_stm32f10x_hd.o(.text)
    RTCAlarm_IRQHandler                      0x08005c67   Thumb Code     0  startup_stm32f10x_hd.o(.text)
    RTC_IRQHandler                           0x08005c67   Thumb Code     0  startup_stm32f10x_hd.o(.text)
    SDIO_IRQHandler                          0x08005c67   Thumb Code     0  startup_stm32f10x_hd.o(.text)
    SPI1_IRQHandler                          0x08005c67   Thumb Code     0  startup_stm32f10x_hd.o(.text)
    SPI2_IRQHandler                          0x08005c67   Thumb Code     0  startup_stm32f10x_hd.o(.text)
    SPI3_IRQHandler                          0x08005c67   Thumb Code     0  startup_stm32f10x_hd.o(.text)
    TAMPER_IRQHandler                        0x08005c67   Thumb Code     0  startup_stm32f10x_hd.o(.text)
    TIM1_BRK_IRQHandler                      0x08005c67   Thumb Code     0  startup_stm32f10x_hd.o(.text)
    TIM1_CC_IRQHandler                       0x08005c67   Thumb Code     0  startup_stm32f10x_hd.o(.text)
    TIM1_TRG_COM_IRQHandler                  0x08005c67   Thumb Code     0  startup_stm32f10x_hd.o(.text)
    TIM1_UP_IRQHandler                       0x08005c67   Thumb Code     0  startup_stm32f10x_hd.o(.text)
    TIM2_IRQHandler                          0x08005c67   Thumb Code     0  startup_stm32f10x_hd.o(.text)
    TIM4_IRQHandler                          0x08005c67   Thumb Code     0  startup_stm32f10x_hd.o(.text)
    TIM5_IRQHandler                          0x08005c67   Thumb Code     0  startup_stm32f10x_hd.o(.text)
    TIM6_IRQHandler                          0x08005c67   Thumb Code     0  startup_stm32f10x_hd.o(.text)
    TIM7_IRQHandler                          0x08005c67   Thumb Code     0  startup_stm32f10x_hd.o(.text)
    TIM8_BRK_IRQHandler                      0x08005c67   Thumb Code     0  startup_stm32f10x_hd.o(.text)
    TIM8_CC_IRQHandler                       0x08005c67   Thumb Code     0  startup_stm32f10x_hd.o(.text)
    TIM8_TRG_COM_IRQHandler                  0x08005c67   Thumb Code     0  startup_stm32f10x_hd.o(.text)
    TIM8_UP_IRQHandler                       0x08005c67   Thumb Code     0  startup_stm32f10x_hd.o(.text)
    UART4_IRQHandler                         0x08005c67   Thumb Code     0  startup_stm32f10x_hd.o(.text)
    UART5_IRQHandler                         0x08005c67   Thumb Code     0  startup_stm32f10x_hd.o(.text)
    USART2_IRQHandler                        0x08005c67   Thumb Code     0  startup_stm32f10x_hd.o(.text)
    USART3_IRQHandler                        0x08005c67   Thumb Code     0  startup_stm32f10x_hd.o(.text)
    USBWakeUp_IRQHandler                     0x08005c67   Thumb Code     0  startup_stm32f10x_hd.o(.text)
    USB_HP_CAN1_TX_IRQHandler                0x08005c67   Thumb Code     0  startup_stm32f10x_hd.o(.text)
    USB_LP_CAN1_RX0_IRQHandler               0x08005c67   Thumb Code     0  startup_stm32f10x_hd.o(.text)
    WWDG_IRQHandler                          0x08005c67   Thumb Code     0  startup_stm32f10x_hd.o(.text)
    __user_initial_stackheap                 0x08005c69   Thumb Code     0  startup_stm32f10x_hd.o(.text)
    NVIC_PriorityGroupConfig                 0x08005c8d   Thumb Code    10  misc.o(.text)
    NVIC_Init                                0x08005c97   Thumb Code   100  misc.o(.text)
    NVIC_SetVectorTable                      0x08005cfb   Thumb Code    14  misc.o(.text)
    NVIC_SystemLPConfig                      0x08005d09   Thumb Code    34  misc.o(.text)
    SysTick_CLKSourceConfig                  0x08005d2b   Thumb Code    40  misc.o(.text)
    FSMC_NORSRAMDeInit                       0x08005d69   Thumb Code    54  stm32f10x_fsmc.o(.text)
    FSMC_NANDDeInit                          0x08005d9f   Thumb Code    62  stm32f10x_fsmc.o(.text)
    FSMC_PCCARDDeInit                        0x08005ddd   Thumb Code    36  stm32f10x_fsmc.o(.text)
    FSMC_NORSRAMInit                         0x08005e01   Thumb Code   230  stm32f10x_fsmc.o(.text)
    FSMC_NANDInit                            0x08005ee7   Thumb Code   132  stm32f10x_fsmc.o(.text)
    FSMC_PCCARDInit                          0x08005f6b   Thumb Code   130  stm32f10x_fsmc.o(.text)
    FSMC_NORSRAMStructInit                   0x08005fed   Thumb Code   114  stm32f10x_fsmc.o(.text)
    FSMC_NANDStructInit                      0x0800605f   Thumb Code    54  stm32f10x_fsmc.o(.text)
    FSMC_PCCARDStructInit                    0x08006095   Thumb Code    60  stm32f10x_fsmc.o(.text)
    FSMC_NORSRAMCmd                          0x080060d1   Thumb Code    46  stm32f10x_fsmc.o(.text)
    FSMC_NANDCmd                             0x080060ff   Thumb Code    86  stm32f10x_fsmc.o(.text)
    FSMC_PCCARDCmd                           0x08006155   Thumb Code    44  stm32f10x_fsmc.o(.text)
    FSMC_NANDECCCmd                          0x08006181   Thumb Code    90  stm32f10x_fsmc.o(.text)
    FSMC_GetECC                              0x080061db   Thumb Code    24  stm32f10x_fsmc.o(.text)
    FSMC_ITConfig                            0x080061f3   Thumb Code   128  stm32f10x_fsmc.o(.text)
    FSMC_GetFlagStatus                       0x08006273   Thumb Code    54  stm32f10x_fsmc.o(.text)
    FSMC_ClearFlag                           0x080062a9   Thumb Code    62  stm32f10x_fsmc.o(.text)
    FSMC_GetITStatus                         0x080062e7   Thumb Code    64  stm32f10x_fsmc.o(.text)
    FSMC_ClearITPendingBit                   0x08006327   Thumb Code    68  stm32f10x_fsmc.o(.text)
    GPIO_DeInit                              0x08006375   Thumb Code   172  stm32f10x_gpio.o(.text)
    GPIO_AFIODeInit                          0x08006421   Thumb Code    20  stm32f10x_gpio.o(.text)
    GPIO_Init                                0x08006435   Thumb Code   278  stm32f10x_gpio.o(.text)
    GPIO_StructInit                          0x0800654b   Thumb Code    16  stm32f10x_gpio.o(.text)
    GPIO_ReadInputDataBit                    0x0800655b   Thumb Code    18  stm32f10x_gpio.o(.text)
    GPIO_ReadInputData                       0x0800656d   Thumb Code     8  stm32f10x_gpio.o(.text)
    GPIO_ReadOutputDataBit                   0x08006575   Thumb Code    18  stm32f10x_gpio.o(.text)
    GPIO_ReadOutputData                      0x08006587   Thumb Code     8  stm32f10x_gpio.o(.text)
    GPIO_SetBits                             0x0800658f   Thumb Code     4  stm32f10x_gpio.o(.text)
    GPIO_ResetBits                           0x08006593   Thumb Code     4  stm32f10x_gpio.o(.text)
    GPIO_WriteBit                            0x08006597   Thumb Code    10  stm32f10x_gpio.o(.text)
    GPIO_Write                               0x080065a1   Thumb Code     4  stm32f10x_gpio.o(.text)
    GPIO_PinLockConfig                       0x080065a5   Thumb Code    18  stm32f10x_gpio.o(.text)
    GPIO_EventOutputConfig                   0x080065b7   Thumb Code    26  stm32f10x_gpio.o(.text)
    GPIO_EventOutputCmd                      0x080065d1   Thumb Code     6  stm32f10x_gpio.o(.text)
    GPIO_PinRemapConfig                      0x080065d7   Thumb Code   138  stm32f10x_gpio.o(.text)
    GPIO_EXTILineConfig                      0x08006661   Thumb Code    66  stm32f10x_gpio.o(.text)
    GPIO_ETH_MediaInterfaceConfig            0x080066a3   Thumb Code     8  stm32f10x_gpio.o(.text)
    RCC_DeInit                               0x080066d1   Thumb Code    64  stm32f10x_rcc.o(.text)
    RCC_HSEConfig                            0x08006711   Thumb Code    70  stm32f10x_rcc.o(.text)
    RCC_GetFlagStatus                        0x08006757   Thumb Code    56  stm32f10x_rcc.o(.text)
    RCC_WaitForHSEStartUp                    0x0800678f   Thumb Code    56  stm32f10x_rcc.o(.text)
    RCC_AdjustHSICalibrationValue            0x080067c7   Thumb Code    20  stm32f10x_rcc.o(.text)
    RCC_HSICmd                               0x080067db   Thumb Code     6  stm32f10x_rcc.o(.text)
    RCC_PLLConfig                            0x080067e1   Thumb Code    24  stm32f10x_rcc.o(.text)
    RCC_PLLCmd                               0x080067f9   Thumb Code     6  stm32f10x_rcc.o(.text)
    RCC_SYSCLKConfig                         0x080067ff   Thumb Code    18  stm32f10x_rcc.o(.text)
    RCC_GetSYSCLKSource                      0x08006811   Thumb Code    10  stm32f10x_rcc.o(.text)
    RCC_HCLKConfig                           0x0800681b   Thumb Code    18  stm32f10x_rcc.o(.text)
    RCC_PCLK1Config                          0x0800682d   Thumb Code    18  stm32f10x_rcc.o(.text)
    RCC_PCLK2Config                          0x0800683f   Thumb Code    20  stm32f10x_rcc.o(.text)
    RCC_ITConfig                             0x08006853   Thumb Code    26  stm32f10x_rcc.o(.text)
    RCC_USBCLKConfig                         0x0800686d   Thumb Code     8  stm32f10x_rcc.o(.text)
    RCC_ADCCLKConfig                         0x08006875   Thumb Code    18  stm32f10x_rcc.o(.text)
    RCC_LSEConfig                            0x08006887   Thumb Code    50  stm32f10x_rcc.o(.text)
    RCC_LSICmd                               0x080068b9   Thumb Code     6  stm32f10x_rcc.o(.text)
    RCC_RTCCLKConfig                         0x080068bf   Thumb Code    12  stm32f10x_rcc.o(.text)
    RCC_RTCCLKCmd                            0x080068cb   Thumb Code     8  stm32f10x_rcc.o(.text)
    RCC_GetClocksFreq                        0x080068d3   Thumb Code   192  stm32f10x_rcc.o(.text)
    RCC_AHBPeriphClockCmd                    0x08006993   Thumb Code    26  stm32f10x_rcc.o(.text)
    RCC_APB2PeriphClockCmd                   0x080069ad   Thumb Code    26  stm32f10x_rcc.o(.text)
    RCC_APB1PeriphClockCmd                   0x080069c7   Thumb Code    26  stm32f10x_rcc.o(.text)
    RCC_APB2PeriphResetCmd                   0x080069e1   Thumb Code    26  stm32f10x_rcc.o(.text)
    RCC_APB1PeriphResetCmd                   0x080069fb   Thumb Code    26  stm32f10x_rcc.o(.text)
    RCC_BackupResetCmd                       0x08006a15   Thumb Code     8  stm32f10x_rcc.o(.text)
    RCC_ClockSecuritySystemCmd               0x08006a1d   Thumb Code     6  stm32f10x_rcc.o(.text)
    RCC_MCOConfig                            0x08006a23   Thumb Code     6  stm32f10x_rcc.o(.text)
    RCC_ClearFlag                            0x08006a29   Thumb Code    14  stm32f10x_rcc.o(.text)
    RCC_GetITStatus                          0x08006a37   Thumb Code    20  stm32f10x_rcc.o(.text)
    RCC_ClearITPendingBit                    0x08006a4b   Thumb Code     6  stm32f10x_rcc.o(.text)
    SPI_I2S_DeInit                           0x08006a75   Thumb Code    76  stm32f10x_spi.o(.text)
    SPI_Init                                 0x08006ac1   Thumb Code    60  stm32f10x_spi.o(.text)
    I2S_Init                                 0x08006afd   Thumb Code   226  stm32f10x_spi.o(.text)
    SPI_StructInit                           0x08006bdf   Thumb Code    24  stm32f10x_spi.o(.text)
    I2S_StructInit                           0x08006bf7   Thumb Code    20  stm32f10x_spi.o(.text)
    SPI_Cmd                                  0x08006c0b   Thumb Code    24  stm32f10x_spi.o(.text)
    I2S_Cmd                                  0x08006c23   Thumb Code    24  stm32f10x_spi.o(.text)
    SPI_I2S_ITConfig                         0x08006c3b   Thumb Code    32  stm32f10x_spi.o(.text)
    SPI_I2S_DMACmd                           0x08006c5b   Thumb Code    18  stm32f10x_spi.o(.text)
    SPI_I2S_SendData                         0x08006c6d   Thumb Code     4  stm32f10x_spi.o(.text)
    SPI_I2S_ReceiveData                      0x08006c71   Thumb Code     6  stm32f10x_spi.o(.text)
    SPI_NSSInternalSoftwareConfig            0x08006c77   Thumb Code    30  stm32f10x_spi.o(.text)
    SPI_SSOutputCmd                          0x08006c95   Thumb Code    24  stm32f10x_spi.o(.text)
    SPI_DataSizeConfig                       0x08006cad   Thumb Code    18  stm32f10x_spi.o(.text)
    SPI_TransmitCRC                          0x08006cbf   Thumb Code    10  stm32f10x_spi.o(.text)
    SPI_CalculateCRC                         0x08006cc9   Thumb Code    24  stm32f10x_spi.o(.text)
    SPI_GetCRC                               0x08006ce1   Thumb Code    16  stm32f10x_spi.o(.text)
    SPI_GetCRCPolynomial                     0x08006cf1   Thumb Code     6  stm32f10x_spi.o(.text)
    SPI_BiDirectionalLineConfig              0x08006cf7   Thumb Code    28  stm32f10x_spi.o(.text)
    SPI_I2S_GetFlagStatus                    0x08006d13   Thumb Code    18  stm32f10x_spi.o(.text)
    SPI_I2S_ClearFlag                        0x08006d25   Thumb Code     6  stm32f10x_spi.o(.text)
    SPI_I2S_GetITStatus                      0x08006d2b   Thumb Code    52  stm32f10x_spi.o(.text)
    SPI_I2S_ClearITPendingBit                0x08006d5f   Thumb Code    20  stm32f10x_spi.o(.text)
    USART_DeInit                             0x08006d81   Thumb Code   134  stm32f10x_usart.o(.text)
    USART_Init                               0x08006e07   Thumb Code   210  stm32f10x_usart.o(.text)
    USART_StructInit                         0x08006ed9   Thumb Code    24  stm32f10x_usart.o(.text)
    USART_ClockInit                          0x08006ef1   Thumb Code    34  stm32f10x_usart.o(.text)
    USART_ClockStructInit                    0x08006f13   Thumb Code    12  stm32f10x_usart.o(.text)
    USART_Cmd                                0x08006f1f   Thumb Code    24  stm32f10x_usart.o(.text)
    USART_ITConfig                           0x08006f37   Thumb Code    74  stm32f10x_usart.o(.text)
    USART_DMACmd                             0x08006f81   Thumb Code    18  stm32f10x_usart.o(.text)
    USART_SetAddress                         0x08006f93   Thumb Code    18  stm32f10x_usart.o(.text)
    USART_WakeUpConfig                       0x08006fa5   Thumb Code    18  stm32f10x_usart.o(.text)
    USART_ReceiverWakeUpCmd                  0x08006fb7   Thumb Code    24  stm32f10x_usart.o(.text)
    USART_LINBreakDetectLengthConfig         0x08006fcf   Thumb Code    18  stm32f10x_usart.o(.text)
    USART_LINCmd                             0x08006fe1   Thumb Code    24  stm32f10x_usart.o(.text)
    USART_SendData                           0x08006ff9   Thumb Code     8  stm32f10x_usart.o(.text)
    USART_ReceiveData                        0x08007001   Thumb Code    10  stm32f10x_usart.o(.text)
    USART_SendBreak                          0x0800700b   Thumb Code    10  stm32f10x_usart.o(.text)
    USART_SetGuardTime                       0x08007015   Thumb Code    16  stm32f10x_usart.o(.text)
    USART_SetPrescaler                       0x08007025   Thumb Code    16  stm32f10x_usart.o(.text)
    USART_SmartCardCmd                       0x08007035   Thumb Code    24  stm32f10x_usart.o(.text)
    USART_SmartCardNACKCmd                   0x0800704d   Thumb Code    24  stm32f10x_usart.o(.text)
    USART_HalfDuplexCmd                      0x08007065   Thumb Code    24  stm32f10x_usart.o(.text)
    USART_OverSampling8Cmd                   0x0800707d   Thumb Code    22  stm32f10x_usart.o(.text)
    USART_OneBitMethodCmd                    0x08007093   Thumb Code    24  stm32f10x_usart.o(.text)
    USART_IrDAConfig                         0x080070ab   Thumb Code    18  stm32f10x_usart.o(.text)
    USART_IrDACmd                            0x080070bd   Thumb Code    24  stm32f10x_usart.o(.text)
    USART_GetFlagStatus                      0x080070d5   Thumb Code    26  stm32f10x_usart.o(.text)
    USART_ClearFlag                          0x080070ef   Thumb Code    18  stm32f10x_usart.o(.text)
    USART_GetITStatus                        0x08007101   Thumb Code    84  stm32f10x_usart.o(.text)
    USART_ClearITPendingBit                  0x08007155   Thumb Code    52  stm32f10x_usart.o(.text)
    TIM_DeInit                               0x08007189   Thumb Code   424  stm32f10x_tim.o(.text)
    TIM_TimeBaseInit                         0x08007331   Thumb Code   122  stm32f10x_tim.o(.text)
    TIM_OC1Init                              0x080073ab   Thumb Code   132  stm32f10x_tim.o(.text)
    TIM_OC2Init                              0x0800742f   Thumb Code   154  stm32f10x_tim.o(.text)
    TIM_OC3Init                              0x080074c9   Thumb Code   150  stm32f10x_tim.o(.text)
    TIM_OC4Init                              0x0800755f   Thumb Code   182  stm32f10x_tim.o(.text)
    TIM_SetIC4Prescaler                      0x08007615   Thumb Code    26  stm32f10x_tim.o(.text)
    TIM_SetIC3Prescaler                      0x080076b1   Thumb Code    18  stm32f10x_tim.o(.text)
    TIM_SetIC2Prescaler                      0x0800773d   Thumb Code    26  stm32f10x_tim.o(.text)
    TIM_SetIC1Prescaler                      0x080077d9   Thumb Code    18  stm32f10x_tim.o(.text)
    TIM_ICInit                               0x08007857   Thumb Code   150  stm32f10x_tim.o(.text)
    TIM_PWMIConfig                           0x080078ed   Thumb Code   124  stm32f10x_tim.o(.text)
    TIM_BDTRConfig                           0x08007969   Thumb Code    32  stm32f10x_tim.o(.text)
    TIM_TimeBaseStructInit                   0x08007989   Thumb Code    18  stm32f10x_tim.o(.text)
    TIM_OCStructInit                         0x0800799b   Thumb Code    20  stm32f10x_tim.o(.text)
    TIM_ICStructInit                         0x080079af   Thumb Code    18  stm32f10x_tim.o(.text)
    TIM_BDTRStructInit                       0x080079c1   Thumb Code    40  stm32f10x_tim.o(.text)
    TIM_Cmd                                  0x080079e9   Thumb Code    24  stm32f10x_tim.o(.text)
    TIM_CtrlPWMOutputs                       0x08007a01   Thumb Code    30  stm32f10x_tim.o(.text)
    TIM_ITConfig                             0x08007a1f   Thumb Code    18  stm32f10x_tim.o(.text)
    TIM_GenerateEvent                        0x08007a31   Thumb Code     4  stm32f10x_tim.o(.text)
    TIM_DMAConfig                            0x08007a35   Thumb Code    10  stm32f10x_tim.o(.text)
    TIM_DMACmd                               0x08007a3f   Thumb Code    18  stm32f10x_tim.o(.text)
    TIM_InternalClockConfig                  0x08007a51   Thumb Code    12  stm32f10x_tim.o(.text)
    TIM_SelectInputTrigger                   0x08007a5d   Thumb Code    18  stm32f10x_tim.o(.text)
    TIM_ITRxExternalClockConfig              0x08007a6f   Thumb Code    24  stm32f10x_tim.o(.text)
    TIM_TIxExternalClockConfig               0x08007a87   Thumb Code    62  stm32f10x_tim.o(.text)
    TIM_ETRConfig                            0x08007ac5   Thumb Code    28  stm32f10x_tim.o(.text)
    TIM_ETRClockMode1Config                  0x08007ae1   Thumb Code    54  stm32f10x_tim.o(.text)
    TIM_ETRClockMode2Config                  0x08007b17   Thumb Code    32  stm32f10x_tim.o(.text)
    TIM_PrescalerConfig                      0x08007b37   Thumb Code     6  stm32f10x_tim.o(.text)
    TIM_CounterModeConfig                    0x08007b3d   Thumb Code    18  stm32f10x_tim.o(.text)
    TIM_EncoderInterfaceConfig               0x08007b4f   Thumb Code    66  stm32f10x_tim.o(.text)
    TIM_ForcedOC1Config                      0x08007b91   Thumb Code    18  stm32f10x_tim.o(.text)
    TIM_ForcedOC2Config                      0x08007ba3   Thumb Code    26  stm32f10x_tim.o(.text)
    TIM_ForcedOC3Config                      0x08007bbd   Thumb Code    18  stm32f10x_tim.o(.text)
    TIM_ForcedOC4Config                      0x08007bcf   Thumb Code    26  stm32f10x_tim.o(.text)
    TIM_ARRPreloadConfig                     0x08007be9   Thumb Code    24  stm32f10x_tim.o(.text)
    TIM_SelectCOM                            0x08007c01   Thumb Code    24  stm32f10x_tim.o(.text)
    TIM_SelectCCDMA                          0x08007c19   Thumb Code    24  stm32f10x_tim.o(.text)
    TIM_CCPreloadControl                     0x08007c31   Thumb Code    24  stm32f10x_tim.o(.text)
    TIM_OC1PreloadConfig                     0x08007c49   Thumb Code    18  stm32f10x_tim.o(.text)
    TIM_OC2PreloadConfig                     0x08007c5b   Thumb Code    26  stm32f10x_tim.o(.text)
    TIM_OC3PreloadConfig                     0x08007c75   Thumb Code    18  stm32f10x_tim.o(.text)
    TIM_OC4PreloadConfig                     0x08007c87   Thumb Code    26  stm32f10x_tim.o(.text)
    TIM_OC1FastConfig                        0x08007ca1   Thumb Code    18  stm32f10x_tim.o(.text)
    TIM_OC2FastConfig                        0x08007cb3   Thumb Code    26  stm32f10x_tim.o(.text)
    TIM_OC3FastConfig                        0x08007ccd   Thumb Code    18  stm32f10x_tim.o(.text)
    TIM_OC4FastConfig                        0x08007cdf   Thumb Code    26  stm32f10x_tim.o(.text)
    TIM_ClearOC1Ref                          0x08007cf9   Thumb Code    18  stm32f10x_tim.o(.text)
    TIM_ClearOC2Ref                          0x08007d0b   Thumb Code    24  stm32f10x_tim.o(.text)
    TIM_ClearOC3Ref                          0x08007d23   Thumb Code    18  stm32f10x_tim.o(.text)
    TIM_ClearOC4Ref                          0x08007d35   Thumb Code    24  stm32f10x_tim.o(.text)
    TIM_OC1PolarityConfig                    0x08007d4d   Thumb Code    18  stm32f10x_tim.o(.text)
    TIM_OC1NPolarityConfig                   0x08007d5f   Thumb Code    18  stm32f10x_tim.o(.text)
    TIM_OC2PolarityConfig                    0x08007d71   Thumb Code    26  stm32f10x_tim.o(.text)
    TIM_OC2NPolarityConfig                   0x08007d8b   Thumb Code    26  stm32f10x_tim.o(.text)
    TIM_OC3PolarityConfig                    0x08007da5   Thumb Code    26  stm32f10x_tim.o(.text)
    TIM_OC3NPolarityConfig                   0x08007dbf   Thumb Code    26  stm32f10x_tim.o(.text)
    TIM_OC4PolarityConfig                    0x08007dd9   Thumb Code    26  stm32f10x_tim.o(.text)
    TIM_CCxCmd                               0x08007df3   Thumb Code    30  stm32f10x_tim.o(.text)
    TIM_CCxNCmd                              0x08007e11   Thumb Code    30  stm32f10x_tim.o(.text)
    TIM_SelectOCxM                           0x08007e2f   Thumb Code    82  stm32f10x_tim.o(.text)
    TIM_UpdateDisableConfig                  0x08007e81   Thumb Code    24  stm32f10x_tim.o(.text)
    TIM_UpdateRequestConfig                  0x08007e99   Thumb Code    24  stm32f10x_tim.o(.text)
    TIM_SelectHallSensor                     0x08007eb1   Thumb Code    24  stm32f10x_tim.o(.text)
    TIM_SelectOnePulseMode                   0x08007ec9   Thumb Code    18  stm32f10x_tim.o(.text)
    TIM_SelectOutputTrigger                  0x08007edb   Thumb Code    18  stm32f10x_tim.o(.text)
    TIM_SelectSlaveMode                      0x08007eed   Thumb Code    18  stm32f10x_tim.o(.text)
    TIM_SelectMasterSlaveMode                0x08007eff   Thumb Code    18  stm32f10x_tim.o(.text)
    TIM_SetCounter                           0x08007f11   Thumb Code     4  stm32f10x_tim.o(.text)
    TIM_SetAutoreload                        0x08007f15   Thumb Code     4  stm32f10x_tim.o(.text)
    TIM_SetCompare1                          0x08007f19   Thumb Code     4  stm32f10x_tim.o(.text)
    TIM_SetCompare2                          0x08007f1d   Thumb Code     4  stm32f10x_tim.o(.text)
    TIM_SetCompare3                          0x08007f21   Thumb Code     4  stm32f10x_tim.o(.text)
    TIM_SetCompare4                          0x08007f25   Thumb Code     6  stm32f10x_tim.o(.text)
    TIM_SetClockDivision                     0x08007f2b   Thumb Code    18  stm32f10x_tim.o(.text)
    TIM_GetCapture1                          0x08007f3d   Thumb Code     6  stm32f10x_tim.o(.text)
    TIM_GetCapture2                          0x08007f43   Thumb Code     6  stm32f10x_tim.o(.text)
    TIM_GetCapture3                          0x08007f49   Thumb Code     6  stm32f10x_tim.o(.text)
    TIM_GetCapture4                          0x08007f4f   Thumb Code     8  stm32f10x_tim.o(.text)
    TIM_GetCounter                           0x08007f57   Thumb Code     6  stm32f10x_tim.o(.text)
    TIM_GetPrescaler                         0x08007f5d   Thumb Code     6  stm32f10x_tim.o(.text)
    TIM_GetFlagStatus                        0x08007f63   Thumb Code    18  stm32f10x_tim.o(.text)
    TIM_ClearFlag                            0x08007f75   Thumb Code     6  stm32f10x_tim.o(.text)
    TIM_GetITStatus                          0x08007f7b   Thumb Code    34  stm32f10x_tim.o(.text)
    TIM_ClearITPendingBit                    0x08007f9d   Thumb Code     6  stm32f10x_tim.o(.text)
    Set_RF_Switch_RX                         0x08007fa5   Thumb Code    20  sx1276-hal.o(.text)
    Set_RF_Switch_TX                         0x08007fb9   Thumb Code    20  sx1276-hal.o(.text)
    SX1276InitIo                             0x08007fcd   Thumb Code    54  sx1276-hal.o(.text)
    SX1276SetReset                           0x08008003   Thumb Code    86  sx1276-hal.o(.text)
    SX1276WriteBuffer                        0x08008059   Thumb Code    60  sx1276-hal.o(.text)
    SX1276Write                              0x08008095   Thumb Code    16  sx1276-hal.o(.text)
    SX1276ReadBuffer                         0x080080a5   Thumb Code    62  sx1276-hal.o(.text)
    SX1276Read                               0x080080e3   Thumb Code    18  sx1276-hal.o(.text)
    SX1276WriteFifo                          0x080080f5   Thumb Code    18  sx1276-hal.o(.text)
    SX1276ReadFifo                           0x08008107   Thumb Code    18  sx1276-hal.o(.text)
    SX1276ReadDio0                           0x08008119   Thumb Code    14  sx1276-hal.o(.text)
    SX1276ReadDio1                           0x08008127   Thumb Code    14  sx1276-hal.o(.text)
    SX1276ReadDio2                           0x08008135   Thumb Code    14  sx1276-hal.o(.text)
    SX1276ReadDio3                           0x08008143   Thumb Code    14  sx1276-hal.o(.text)
    SX1276ReadDio4                           0x08008151   Thumb Code    14  sx1276-hal.o(.text)
    SX1276ReadDio5                           0x0800815f   Thumb Code    14  sx1276-hal.o(.text)
    SX1276WriteRxTx                          0x0800816d   Thumb Code    18  sx1276-hal.o(.text)
    RadioDriverInit                          0x0800818d   Thumb Code    30  radio.o(.text)
    SX1276SetLoRaOn                          0x080081c9   Thumb Code   170  sx1276.o(.text)
    SX1276Reset                              0x08008273   Thumb Code    46  sx1276.o(.text)
    SX1276Init                               0x080082a1   Thumb Code    82  sx1276.o(.text)
    SX1276GetLoRaOn                          0x080082f3   Thumb Code     6  sx1276.o(.text)
    SX1276SetOpMode                          0x080082f9   Thumb Code    26  sx1276.o(.text)
    SX1276GetOpMode                          0x08008313   Thumb Code    20  sx1276.o(.text)
    SX1276ReadRssi                           0x08008327   Thumb Code    20  sx1276.o(.text)
    SX1276ReadRxGain                         0x0800833b   Thumb Code    20  sx1276.o(.text)
    SX1276GetPacketRxGain                    0x0800834f   Thumb Code    20  sx1276.o(.text)
    SX1276GetPacketSnr                       0x08008363   Thumb Code    18  sx1276.o(.text)
    SX1276GetPacketRssi                      0x08008375   Thumb Code    20  sx1276.o(.text)
    SX1276GetPacketAfc                       0x08008389   Thumb Code    18  sx1276.o(.text)
    SX1276StartRx                            0x0800839b   Thumb Code    24  sx1276.o(.text)
    SX1276GetRxPacket                        0x080083b3   Thumb Code    32  sx1276.o(.text)
    SX1276SetTxPacket                        0x080083d3   Thumb Code    32  sx1276.o(.text)
    SX1276GetRFState                         0x080083f3   Thumb Code    20  sx1276.o(.text)
    SX1276SetRFState                         0x08008407   Thumb Code    26  sx1276.o(.text)
    SX1276Process                            0x08008421   Thumb Code    20  sx1276.o(.text)
    SX1276FskSetOpMode                       0x0800846d   Thumb Code    88  sx1276-fsk.o(.text)
    SX1276FskSetDefaults                     0x080084c5   Thumb Code    16  sx1276-fsk.o(.text)
    SX1276FskInit                            0x080084d5   Thumb Code   366  sx1276-fsk.o(.text)
    SX1276FskGetOpMode                       0x08008643   Thumb Code    26  sx1276-fsk.o(.text)
    SX1276FskReadFei                         0x0800865d   Thumb Code    70  sx1276-fsk.o(.text)
    SX1276FskReadAfc                         0x080086a3   Thumb Code    70  sx1276-fsk.o(.text)
    SX1276FskReadRxGain                      0x080086e9   Thumb Code    24  sx1276-fsk.o(.text)
    SX1276FskReadRssi                        0x08008701   Thumb Code    42  sx1276-fsk.o(.text)
    SX1276FskGetPacketRxGain                 0x0800872b   Thumb Code     6  sx1276-fsk.o(.text)
    SX1276FskGetPacketRssi                   0x08008731   Thumb Code     6  sx1276-fsk.o(.text)
    SX1276FskGetPacketAfc                    0x08008737   Thumb Code     6  sx1276-fsk.o(.text)
    SX1276FskSetRFState                      0x0800873d   Thumb Code     6  sx1276-fsk.o(.text)
    SX1276FskStartRx                         0x08008743   Thumb Code    10  sx1276-fsk.o(.text)
    SX1276FskGetRxPacket                     0x0800874d   Thumb Code    30  sx1276-fsk.o(.text)
    SX1276FskSetTxPacket                     0x0800876b   Thumb Code    28  sx1276-fsk.o(.text)
    SX1276FskGetPacketPayloadSize            0x08008787   Thumb Code    92  sx1276-fsk.o(.text)
    SX1276FskGetPacketHeaderSize             0x080087e3   Thumb Code    40  sx1276-fsk.o(.text)
    SX1276FskGetRFState                      0x0800880b   Thumb Code     6  sx1276-fsk.o(.text)
    SX1276FskProcess                         0x08008811   Thumb Code  1518  sx1276-fsk.o(.text)
    SX1276FskSetRFFrequency                  0x08008e21   Thumb Code    74  sx1276-fskmisc.o(.text)
    SX1276FskGetRFFrequency                  0x08008e6b   Thumb Code    82  sx1276-fskmisc.o(.text)
    SX1276FskRxCalibrate                     0x08008ebd   Thumb Code   164  sx1276-fskmisc.o(.text)
    SX1276FskSetBitrate                      0x08008f61   Thumb Code    70  sx1276-fskmisc.o(.text)
    SX1276FskGetBitrate                      0x08008fa7   Thumb Code    78  sx1276-fskmisc.o(.text)
    SX1276FskSetFdev                         0x08008ff5   Thumb Code    94  sx1276-fskmisc.o(.text)
    SX1276FskGetFdev                         0x08009053   Thumb Code    80  sx1276-fskmisc.o(.text)
    SX1276FskSetRFPower                      0x080090a3   Thumb Code   252  sx1276-fskmisc.o(.text)
    SX1276FskGetRFPower                      0x0800919f   Thumb Code   138  sx1276-fskmisc.o(.text)
    SX1276FskSetDccBw                        0x080093cb   Thumb Code   162  sx1276-fskmisc.o(.text)
    SX1276FskGetBw                           0x0800946d   Thumb Code    82  sx1276-fskmisc.o(.text)
    SX1276FskSetPacketCrcOn                  0x080094bf   Thumb Code    60  sx1276-fskmisc.o(.text)
    SX1276FskGetPacketCrcOn                  0x080094fb   Thumb Code    36  sx1276-fskmisc.o(.text)
    SX1276FskSetAfcOn                        0x0800951f   Thumb Code    54  sx1276-fskmisc.o(.text)
    SX1276FskGetAfcOn                        0x08009555   Thumb Code    34  sx1276-fskmisc.o(.text)
    SX1276FskSetPayloadLength                0x08009577   Thumb Code    32  sx1276-fskmisc.o(.text)
    SX1276FskGetPayloadLength                0x08009597   Thumb Code    32  sx1276-fskmisc.o(.text)
    SX1276FskSetPa20dBm                      0x080095b7   Thumb Code    84  sx1276-fskmisc.o(.text)
    SX1276FskGetPa20dBm                      0x0800960b   Thumb Code    38  sx1276-fskmisc.o(.text)
    SX1276FskSetPAOutput                     0x08009631   Thumb Code    64  sx1276-fskmisc.o(.text)
    SX1276FskGetPAOutput                     0x08009671   Thumb Code    26  sx1276-fskmisc.o(.text)
    SX1276FskSetPaRamp                       0x0800968b   Thumb Code    52  sx1276-fskmisc.o(.text)
    SX1276FskGetPaRamp                       0x080096bf   Thumb Code    26  sx1276-fskmisc.o(.text)
    SX1276FskSetRssiOffset                   0x080096d9   Thumb Code    64  sx1276-fskmisc.o(.text)
    SX1276FskGetRssiOffset                   0x08009719   Thumb Code    44  sx1276-fskmisc.o(.text)
    SX1276FskGetRawTemp                      0x08009745   Thumb Code   206  sx1276-fskmisc.o(.text)
    SX1276FskCalibreateTemp                  0x08009813   Thumb Code    14  sx1276-fskmisc.o(.text)
    SX1276FskGetTemp                         0x08009821   Thumb Code    14  sx1276-fskmisc.o(.text)
    SX1276LoRaSetOpMode                      0x08009839   Thumb Code    88  sx1276-lora.o(.text)
    SX1276LoRaSetDefaults                    0x08009891   Thumb Code    16  sx1276-lora.o(.text)
    SX1276LoRaInit                           0x080098a1   Thumb Code   182  sx1276-lora.o(.text)
    SX1276LoRaReset                          0x08009957   Thumb Code    46  sx1276-lora.o(.text)
    SX1276LoRaGetOpMode                      0x08009985   Thumb Code    26  sx1276-lora.o(.text)
    SX1276LoRaReadRxGain                     0x0800999f   Thumb Code    24  sx1276-lora.o(.text)
    SX1276LoRaReadRssi                       0x080099b7   Thumb Code   108  sx1276-lora.o(.text)
    SX1276LoRaGetPacketRxGain                0x08009a23   Thumb Code     6  sx1276-lora.o(.text)
    SX1276LoRaGetPacketSnr                   0x08009a29   Thumb Code     8  sx1276-lora.o(.text)
    SX1276LoRaGetPacketRssi                  0x08009a31   Thumb Code     6  sx1276-lora.o(.text)
    SX1276LoRaSetRFState                     0x08009a37   Thumb Code     6  sx1276-lora.o(.text)
    SX1276LoRaStartRx                        0x08009a3d   Thumb Code    10  sx1276-lora.o(.text)
    SX1276LoRaGetRxPacket                    0x08009a47   Thumb Code    30  sx1276-lora.o(.text)
    SX1276LoRaSetTxPacket                    0x08009a65   Thumb Code    44  sx1276-lora.o(.text)
    SX1276LoRaGetRFState                     0x08009a91   Thumb Code     6  sx1276-lora.o(.text)
    SX1276LoRaProcess                        0x08009a97   Thumb Code  1794  sx1276-lora.o(.text)
    SX1276LoRaSetRFFrequency                 0x0800a1a5   Thumb Code    74  sx1276-loramisc.o(.text)
    SX1276LoRaGetRFFrequency                 0x0800a1ef   Thumb Code    82  sx1276-loramisc.o(.text)
    SX1276LoRaSetRFPower                     0x0800a241   Thumb Code   252  sx1276-loramisc.o(.text)
    SX1276LoRaGetRFPower                     0x0800a33d   Thumb Code   116  sx1276-loramisc.o(.text)
    SX1276LoRaSetSignalBandwidth             0x0800a3b1   Thumb Code    50  sx1276-loramisc.o(.text)
    SX1276LoRaGetSignalBandwidth             0x0800a3e3   Thumb Code    32  sx1276-loramisc.o(.text)
    SX1276LoRaSetNbTrigPeaks                 0x0800a403   Thumb Code    54  sx1276-loramisc.o(.text)
    SX1276LoRaSetSpreadingFactor             0x0800a439   Thumb Code    82  sx1276-loramisc.o(.text)
    SX1276LoRaGetSpreadingFactor             0x0800a48b   Thumb Code    32  sx1276-loramisc.o(.text)
    SX1276LoRaSetErrorCoding                 0x0800a4ab   Thumb Code    54  sx1276-loramisc.o(.text)
    SX1276LoRaGetErrorCoding                 0x0800a4e1   Thumb Code    36  sx1276-loramisc.o(.text)
    SX1276LoRaSetPacketCrcOn                 0x0800a505   Thumb Code    54  sx1276-loramisc.o(.text)
    SX1276LoRaSetPreambleLength              0x0800a53b   Thumb Code    52  sx1276-loramisc.o(.text)
    SX1276LoRaGetPreambleLength              0x0800a56f   Thumb Code    50  sx1276-loramisc.o(.text)
    SX1276LoRaGetPacketCrcOn                 0x0800a5a1   Thumb Code    44  sx1276-loramisc.o(.text)
    SX1276LoRaSetImplicitHeaderOn            0x0800a5cd   Thumb Code    52  sx1276-loramisc.o(.text)
    SX1276LoRaGetImplicitHeaderOn            0x0800a601   Thumb Code    34  sx1276-loramisc.o(.text)
    SX1276LoRaSetRxSingleOn                  0x0800a623   Thumb Code     6  sx1276-loramisc.o(.text)
    SX1276LoRaGetRxSingleOn                  0x0800a629   Thumb Code     6  sx1276-loramisc.o(.text)
    SX1276LoRaSetFreqHopOn                   0x0800a62f   Thumb Code     6  sx1276-loramisc.o(.text)
    SX1276LoRaGetFreqHopOn                   0x0800a635   Thumb Code     6  sx1276-loramisc.o(.text)
    SX1276LoRaSetHopPeriod                   0x0800a63b   Thumb Code    32  sx1276-loramisc.o(.text)
    SX1276LoRaGetHopPeriod                   0x0800a65b   Thumb Code    32  sx1276-loramisc.o(.text)
    SX1276LoRaSetTxPacketTimeout             0x0800a67b   Thumb Code     6  sx1276-loramisc.o(.text)
    SX1276LoRaGetTxPacketTimeout             0x0800a681   Thumb Code     6  sx1276-loramisc.o(.text)
    SX1276LoRaSetRxPacketTimeout             0x0800a687   Thumb Code     6  sx1276-loramisc.o(.text)
    SX1276LoRaGetRxPacketTimeout             0x0800a68d   Thumb Code     6  sx1276-loramisc.o(.text)
    SX1276LoRaSetPayloadLength               0x0800a693   Thumb Code    32  sx1276-loramisc.o(.text)
    SX1276LoRaGetPayloadLength               0x0800a6b3   Thumb Code    32  sx1276-loramisc.o(.text)
    SX1276LoRaSetPa20dBm                     0x0800a6d3   Thumb Code    84  sx1276-loramisc.o(.text)
    SX1276LoRaGetPa20dBm                     0x0800a727   Thumb Code    38  sx1276-loramisc.o(.text)
    SX1276LoRaSetPAOutput                    0x0800a74d   Thumb Code    48  sx1276-loramisc.o(.text)
    SX1276LoRaGetPAOutput                    0x0800a77d   Thumb Code    26  sx1276-loramisc.o(.text)
    SX1276LoRaSetPaRamp                      0x0800a797   Thumb Code    52  sx1276-loramisc.o(.text)
    SX1276LoRaGetPaRamp                      0x0800a7cb   Thumb Code    26  sx1276-loramisc.o(.text)
    SX1276LoRaSetSymbTimeout                 0x0800a7e5   Thumb Code    66  sx1276-loramisc.o(.text)
    SX1276LoRaGetSymbTimeout                 0x0800a827   Thumb Code    38  sx1276-loramisc.o(.text)
    SX1276LoRaSetLowDatarateOptimize         0x0800a84d   Thumb Code    56  sx1276-loramisc.o(.text)
    SX1276LoRaGetLowDatarateOptimize         0x0800a885   Thumb Code    28  sx1276-loramisc.o(.text)
    SX1276LoRaGetNbTrigPeaks                 0x0800a8a1   Thumb Code    28  sx1276-loramisc.o(.text)
    __use_no_semihosting                     0x0800a8c5   Thumb Code     2  use_no_semi_2.o(.text)
    __2printf                                0x0800a8c9   Thumb Code    20  noretval__2printf.o(.text)
    _printf_pre_padding                      0x0800a8e1   Thumb Code    44  _printf_pad.o(.text)
    _printf_post_padding                     0x0800a90d   Thumb Code    34  _printf_pad.o(.text)
    _printf_str                              0x0800a92f   Thumb Code    82  _printf_str.o(.text)
    _printf_int_dec                          0x0800a981   Thumb Code   104  _printf_dec.o(.text)
    _printf_int_hex                          0x0800a9f9   Thumb Code    84  _printf_hex_int.o(.text)
    _printf_longlong_hex                     0x0800a9f9   Thumb Code     0  _printf_hex_int.o(.text)
    __printf                                 0x0800aa51   Thumb Code   270  __printf_wp.o(.text)
    memcmp                                   0x0800ab5f   Thumb Code    88  memcmp.o(.text)
    strlen                                   0x0800abb7   Thumb Code    62  strlen.o(.text)
    __aeabi_memcpy                           0x0800abf5   Thumb Code     0  rt_memcpy_v6.o(.text)
    __rt_memcpy                              0x0800abf5   Thumb Code   138  rt_memcpy_v6.o(.text)
    _memcpy_lastbytes                        0x0800ac5b   Thumb Code     0  rt_memcpy_v6.o(.text)
    __aeabi_memclr                           0x0800ac7f   Thumb Code     0  rt_memclr.o(.text)
    __rt_memclr                              0x0800ac7f   Thumb Code    68  rt_memclr.o(.text)
    _memset                                  0x0800ac83   Thumb Code     0  rt_memclr.o(.text)
    __use_two_region_memory                  0x0800acc3   Thumb Code     2  heapauxi.o(.text)
    __rt_heap_escrow$2region                 0x0800acc5   Thumb Code     2  heapauxi.o(.text)
    __rt_heap_expand$2region                 0x0800acc7   Thumb Code     2  heapauxi.o(.text)
    __I$use$semihosting                      0x0800acc9   Thumb Code     0  use_no_semi.o(.text)
    __use_no_semihosting_swi                 0x0800acc9   Thumb Code     2  use_no_semi.o(.text)
    __read_errno                             0x0800accb   Thumb Code    10  _rserrno.o(.text)
    __set_errno                              0x0800acd5   Thumb Code    12  _rserrno.o(.text)
    _printf_int_common                       0x0800ace1   Thumb Code   178  _printf_intcommon.o(.text)
    _printf_cs_common                        0x0800ad93   Thumb Code    20  _printf_char.o(.text)
    _printf_char                             0x0800ada7   Thumb Code    16  _printf_char.o(.text)
    _printf_string                           0x0800adb7   Thumb Code     8  _printf_char.o(.text)
    _printf_char_file                        0x0800adc1   Thumb Code    32  _printf_char_file.o(.text)
    __aeabi_memcpy4                          0x0800ade5   Thumb Code     0  rt_memcpy_w.o(.text)
    __aeabi_memcpy8                          0x0800ade5   Thumb Code     0  rt_memcpy_w.o(.text)
    __rt_memcpy_w                            0x0800ade5   Thumb Code   100  rt_memcpy_w.o(.text)
    _memcpy_lastbytes_aligned                0x0800ae2d   Thumb Code     0  rt_memcpy_w.o(.text)
    __aeabi_memclr4                          0x0800ae49   Thumb Code     0  rt_memclr_w.o(.text)
    __aeabi_memclr8                          0x0800ae49   Thumb Code     0  rt_memclr_w.o(.text)
    __rt_memclr_w                            0x0800ae49   Thumb Code    78  rt_memclr_w.o(.text)
    _memset_w                                0x0800ae4d   Thumb Code     0  rt_memclr_w.o(.text)
    __aeabi_errno_addr                       0x0800ae99   Thumb Code     8  rt_errno_addr_intlibspace.o(.text)
    __errno$intlibspace                      0x0800ae99   Thumb Code     0  rt_errno_addr_intlibspace.o(.text)
    __rt_errno_addr$intlibspace              0x0800ae99   Thumb Code     0  rt_errno_addr_intlibspace.o(.text)
    _printf_char_common                      0x0800aeab   Thumb Code    32  _printf_char_common.o(.text)
    ferror                                   0x0800aed1   Thumb Code     8  ferror.o(.text)
    __user_libspace                          0x0800aed9   Thumb Code     8  libspace.o(.text)
    __user_perproc_libspace                  0x0800aed9   Thumb Code     0  libspace.o(.text)
    __user_perthread_libspace                0x0800aed9   Thumb Code     0  libspace.o(.text)
    __user_setup_stackheap                   0x0800aee1   Thumb Code    74  sys_stackheap_outer.o(.text)
    exit                                     0x0800af2b   Thumb Code    18  exit.o(.text)
    __ARM_fpclassify                         0x0800af3d   Thumb Code    40  fpclassify.o(i.__ARM_fpclassify)
    __kernel_poly                            0x0800af65   Thumb Code   170  poly.o(i.__kernel_poly)
    __mathlib_dbl_divzero                    0x0800b011   Thumb Code    12  dunder.o(i.__mathlib_dbl_divzero)
    __mathlib_dbl_infnan2                    0x0800b021   Thumb Code     4  dunder.o(i.__mathlib_dbl_infnan2)
    __mathlib_dbl_invalid                    0x0800b025   Thumb Code    12  dunder.o(i.__mathlib_dbl_invalid)
    __mathlib_dbl_overflow                   0x0800b031   Thumb Code    14  dunder.o(i.__mathlib_dbl_overflow)
    __mathlib_dbl_underflow                  0x0800b041   Thumb Code    10  dunder.o(i.__mathlib_dbl_underflow)
    _is_digit                                0x0800b051   Thumb Code    14  __printf_wp.o(i._is_digit)
    pow                                      0x0800b061   Thumb Code  2512  pow.o(i.pow)
    round                                    0x0800ba39   Thumb Code   136  round.o(i.round)
    sqrt                                     0x0800bacd   Thumb Code    76  sqrt.o(i.sqrt)
    __aeabi_dadd                             0x0800bb19   Thumb Code     0  daddsub_clz.o(x$fpl$dadd)
    _dadd                                    0x0800bb19   Thumb Code   332  daddsub_clz.o(x$fpl$dadd)
    __fpl_dcheck_NaN1                        0x0800bc69   Thumb Code    10  dcheck1.o(x$fpl$dcheck1)
    __fpl_dcmp_Inf                           0x0800bc79   Thumb Code    24  dcmpi.o(x$fpl$dcmpinf)
    __aeabi_ddiv                             0x0800bc91   Thumb Code     0  ddiv.o(x$fpl$ddiv)
    _ddiv                                    0x0800bc91   Thumb Code   552  ddiv.o(x$fpl$ddiv)
    __aeabi_d2iz                             0x0800bf41   Thumb Code     0  dfix.o(x$fpl$dfix)
    _dfix                                    0x0800bf41   Thumb Code    94  dfix.o(x$fpl$dfix)
    __aeabi_d2uiz                            0x0800bfa1   Thumb Code     0  dfixu.o(x$fpl$dfixu)
    _dfixu                                   0x0800bfa1   Thumb Code    90  dfixu.o(x$fpl$dfixu)
    __aeabi_i2d                              0x0800bffb   Thumb Code     0  dflt_clz.o(x$fpl$dflt)
    _dflt                                    0x0800bffb   Thumb Code    46  dflt_clz.o(x$fpl$dflt)
    __aeabi_ui2d                             0x0800c029   Thumb Code     0  dflt_clz.o(x$fpl$dfltu)
    _dfltu                                   0x0800c029   Thumb Code    38  dflt_clz.o(x$fpl$dfltu)
    __aeabi_cdcmple                          0x0800c051   Thumb Code     0  dleqf.o(x$fpl$dleqf)
    _dcmple                                  0x0800c051   Thumb Code   120  dleqf.o(x$fpl$dleqf)
    __fpl_dcmple_InfNaN                      0x0800c0b3   Thumb Code     0  dleqf.o(x$fpl$dleqf)
    __aeabi_dmul                             0x0800c0c9   Thumb Code     0  dmul.o(x$fpl$dmul)
    _dmul                                    0x0800c0c9   Thumb Code   332  dmul.o(x$fpl$dmul)
    __fpl_dnaninf                            0x0800c21d   Thumb Code   156  dnaninf.o(x$fpl$dnaninf)
    __fpl_dretinf                            0x0800c2b9   Thumb Code    12  dretinf.o(x$fpl$dretinf)
    __aeabi_cdrcmple                         0x0800c2c5   Thumb Code     0  drleqf.o(x$fpl$drleqf)
    _drcmple                                 0x0800c2c5   Thumb Code   108  drleqf.o(x$fpl$drleqf)
    _drnd                                    0x0800c331   Thumb Code   180  drnd.o(x$fpl$drnd)
    __aeabi_drsub                            0x0800c3e5   Thumb Code     0  daddsub_clz.o(x$fpl$drsb)
    _drsb                                    0x0800c3e5   Thumb Code    22  daddsub_clz.o(x$fpl$drsb)
    _dsqrt                                   0x0800c3fd   Thumb Code   456  dsqrt_noumaal.o(x$fpl$dsqrt)
    __aeabi_dsub                             0x0800c5c9   Thumb Code     0  daddsub_clz.o(x$fpl$dsub)
    _dsub                                    0x0800c5c9   Thumb Code   464  daddsub_clz.o(x$fpl$dsub)
    __fpl_return_NaN                         0x0800c79d   Thumb Code   100  retnan.o(x$fpl$retnan)
    __ARM_scalbn                             0x0800c801   Thumb Code    92  scalbn.o(x$fpl$scalbn)
    __fpl_cmpreturn                          0x0800c85d   Thumb Code    48  trapv.o(x$fpl$trapveneer)
    __I$use$fp                               0x0800c88c   Number         0  usenofp.o(x$fpl$usenofp)
    asc2_1206                                0x0800c88c   Data        1140  lcd.o(.constdata)
    asc2_1608                                0x0800cd00   Data        1520  lcd.o(.constdata)
    asc2_2412                                0x0800d2f0   Data        3420  lcd.o(.constdata)
    sID                                      0x0800e04c   Data          12  modbus.o(.constdata)
    auchCRCHi                                0x0800e058   Data         256  modbus.o(.constdata)
    auchCRCLo                                0x0800e158   Data         256  modbus.o(.constdata)
    SignalBwLog                              0x0800e258   Data          80  sx1276-lora.o(.constdata)
    RssiOffsetLF                             0x0800e2a8   Data          80  sx1276-lora.o(.constdata)
    RssiOffsetHF                             0x0800e2f8   Data          80  sx1276-lora.o(.constdata)
    HoppingFrequencies                       0x0800e348   Data         204  sx1276-lora.o(.constdata)
    __mathlib_zero                           0x0800e4c8   Data           8  qnan.o(.constdata)
    Region$$Table$$Base                      0x0800e5ec   Number         0  anon$$obj.o(Region$$Table)
    Region$$Table$$Limit                     0x0800e60c   Number         0  anon$$obj.o(Region$$Table)
    Radio                                    0x20000004   Data           4  main.o(.data)
    master                                   0x20000008   Data           1  main.o(.data)
    rx_timeout_num                           0x2000000c   Data           4  main.o(.data)
    SystemCoreClock                          0x20000010   Data           4  system_stm32f10x.o(.data)
    AHBPrescTable                            0x20000014   Data          16  system_stm32f10x.o(.data)
    POINT_COLOR                              0x20000026   Data           2  lcd.o(.data)
    BACK_COLOR                               0x20000028   Data           2  lcd.o(.data)
    tF                                       0x2000002c   Data           4  modbus.o(.data)
    rF                                       0x20000030   Data           4  modbus.o(.data)
    frame_num                                0x20000034   Data           4  modbus.o(.data)
    __stdout                                 0x2000003c   Data           4  usart.o(.data)
    USART_RX_STA                             0x20000040   Data           2  usart.o(.data)
    TickCounter                              0x20000058   Data           4  sx12xxeiger.o(.data)
    FskSettings                              0x20000060   Data          28  sx1276-fsk.o(.data)
    SX1276                                   0x2000007c   Data           4  sx1276-fsk.o(.data)
    LoRaSettings                             0x200000c0   Data          28  sx1276-lora.o(.data)
    SX1276LR                                 0x200000dc   Data           4  sx1276-lora.o(.data)
    lcddev                                   0x2000011e   Data          14  lcd.o(.bss)
    Modbus_RX_BUFF                           0x2000012c   Data         255  modbus.o(.bss)
    Modbus_TX_BUFF                           0x2000022b   Data         255  modbus.o(.bss)
    USART_RX_BUF                             0x2000032a   Data         200  usart.o(.bss)
    RadioDriver                              0x200003f4   Data          24  radio.o(.bss)
    SX1276Regs                               0x2000040c   Data         112  sx1276.o(.bss)
    __libspace_start                         0x2000067c   Data          96  libspace.o(.bss)
    __temporary_stack_top$libspace           0x200006dc   Data           0  libspace.o(.bss)



==============================================================================

Memory Map of the image

  Image Entry point : 0x08000131

  Load Region LR_IROM1 (Base: 0x08000000, Size: 0x0000e70c, Max: 0x00080000, ABSOLUTE)

    Execution Region ER_IROM1 (Base: 0x08000000, Size: 0x0000e60c, Max: 0x00080000, ABSOLUTE)

    Base Addr    Size         Type   Attr      Idx    E Section Name        Object

    0x08000000   0x00000130   Data   RO          409    RESET               startup_stm32f10x_hd.o
    0x08000130   0x00000008   Code   RO          743  * !!!main             c_w.l(__main.o)
    0x08000138   0x00000034   Code   RO         1012    !!!scatter          c_w.l(__scatter.o)
    0x0800016c   0x0000001a   Code   RO         1014    !!handler_copy      c_w.l(__scatter_copy.o)
    0x08000186   0x00000002   PAD
    0x08000188   0x0000001c   Code   RO         1016    !!handler_zi        c_w.l(__scatter_zi.o)
    0x080001a4   0x00000000   Code   RO          732    .ARM.Collect$$_printf_percent$$00000000  c_w.l(_printf_percent.o)
    0x080001a4   0x00000006   Code   RO          731    .ARM.Collect$$_printf_percent$$00000009  c_w.l(_printf_d.o)
    0x080001aa   0x00000006   Code   RO          730    .ARM.Collect$$_printf_percent$$0000000C  c_w.l(_printf_x.o)
    0x080001b0   0x00000006   Code   RO          729    .ARM.Collect$$_printf_percent$$00000014  c_w.l(_printf_s.o)
    0x080001b6   0x00000004   Code   RO          796    .ARM.Collect$$_printf_percent$$00000017  c_w.l(_printf_percent_end.o)
    0x080001ba   0x00000002   Code   RO          885    .ARM.Collect$$libinit$$00000000  c_w.l(libinit.o)
    0x080001bc   0x00000000   Code   RO          891    .ARM.Collect$$libinit$$00000002  c_w.l(libinit2.o)
    0x080001bc   0x00000000   Code   RO          893    .ARM.Collect$$libinit$$00000004  c_w.l(libinit2.o)
    0x080001bc   0x00000000   Code   RO          896    .ARM.Collect$$libinit$$0000000A  c_w.l(libinit2.o)
    0x080001bc   0x00000000   Code   RO          898    .ARM.Collect$$libinit$$0000000C  c_w.l(libinit2.o)
    0x080001bc   0x00000000   Code   RO          900    .ARM.Collect$$libinit$$0000000E  c_w.l(libinit2.o)
    0x080001bc   0x00000000   Code   RO          903    .ARM.Collect$$libinit$$00000011  c_w.l(libinit2.o)
    0x080001bc   0x00000000   Code   RO          905    .ARM.Collect$$libinit$$00000013  c_w.l(libinit2.o)
    0x080001bc   0x00000000   Code   RO          907    .ARM.Collect$$libinit$$00000015  c_w.l(libinit2.o)
    0x080001bc   0x00000000   Code   RO          909    .ARM.Collect$$libinit$$00000017  c_w.l(libinit2.o)
    0x080001bc   0x00000000   Code   RO          911    .ARM.Collect$$libinit$$00000019  c_w.l(libinit2.o)
    0x080001bc   0x00000000   Code   RO          913    .ARM.Collect$$libinit$$0000001B  c_w.l(libinit2.o)
    0x080001bc   0x00000000   Code   RO          915    .ARM.Collect$$libinit$$0000001D  c_w.l(libinit2.o)
    0x080001bc   0x00000000   Code   RO          917    .ARM.Collect$$libinit$$0000001F  c_w.l(libinit2.o)
    0x080001bc   0x00000000   Code   RO          919    .ARM.Collect$$libinit$$00000021  c_w.l(libinit2.o)
    0x080001bc   0x00000000   Code   RO          921    .ARM.Collect$$libinit$$00000023  c_w.l(libinit2.o)
    0x080001bc   0x00000000   Code   RO          923    .ARM.Collect$$libinit$$00000025  c_w.l(libinit2.o)
    0x080001bc   0x00000000   Code   RO          927    .ARM.Collect$$libinit$$0000002C  c_w.l(libinit2.o)
    0x080001bc   0x00000000   Code   RO          929    .ARM.Collect$$libinit$$0000002E  c_w.l(libinit2.o)
    0x080001bc   0x00000000   Code   RO          931    .ARM.Collect$$libinit$$00000030  c_w.l(libinit2.o)
    0x080001bc   0x00000000   Code   RO          933    .ARM.Collect$$libinit$$00000032  c_w.l(libinit2.o)
    0x080001bc   0x00000002   Code   RO          934    .ARM.Collect$$libinit$$00000033  c_w.l(libinit2.o)
    0x080001be   0x00000002   Code   RO          954    .ARM.Collect$$libshutdown$$00000000  c_w.l(libshutdown.o)
    0x080001c0   0x00000000   Code   RO          964    .ARM.Collect$$libshutdown$$00000002  c_w.l(libshutdown2.o)
    0x080001c0   0x00000000   Code   RO          966    .ARM.Collect$$libshutdown$$00000004  c_w.l(libshutdown2.o)
    0x080001c0   0x00000000   Code   RO          969    .ARM.Collect$$libshutdown$$00000007  c_w.l(libshutdown2.o)
    0x080001c0   0x00000000   Code   RO          972    .ARM.Collect$$libshutdown$$0000000A  c_w.l(libshutdown2.o)
    0x080001c0   0x00000000   Code   RO          974    .ARM.Collect$$libshutdown$$0000000C  c_w.l(libshutdown2.o)
    0x080001c0   0x00000000   Code   RO          977    .ARM.Collect$$libshutdown$$0000000F  c_w.l(libshutdown2.o)
    0x080001c0   0x00000002   Code   RO          978    .ARM.Collect$$libshutdown$$00000010  c_w.l(libshutdown2.o)
    0x080001c2   0x00000000   Code   RO          787    .ARM.Collect$$rtentry$$00000000  c_w.l(__rtentry.o)
    0x080001c2   0x00000000   Code   RO          842    .ARM.Collect$$rtentry$$00000002  c_w.l(__rtentry2.o)
    0x080001c2   0x00000006   Code   RO          854    .ARM.Collect$$rtentry$$00000004  c_w.l(__rtentry4.o)
    0x080001c8   0x00000000   Code   RO          844    .ARM.Collect$$rtentry$$00000009  c_w.l(__rtentry2.o)
    0x080001c8   0x00000004   Code   RO          845    .ARM.Collect$$rtentry$$0000000A  c_w.l(__rtentry2.o)
    0x080001cc   0x00000000   Code   RO          847    .ARM.Collect$$rtentry$$0000000C  c_w.l(__rtentry2.o)
    0x080001cc   0x00000008   Code   RO          848    .ARM.Collect$$rtentry$$0000000D  c_w.l(__rtentry2.o)
    0x080001d4   0x00000002   Code   RO          888    .ARM.Collect$$rtexit$$00000000  c_w.l(rtexit.o)
    0x080001d6   0x00000000   Code   RO          938    .ARM.Collect$$rtexit$$00000002  c_w.l(rtexit2.o)
    0x080001d6   0x00000004   Code   RO          939    .ARM.Collect$$rtexit$$00000003  c_w.l(rtexit2.o)
    0x080001da   0x00000006   Code   RO          940    .ARM.Collect$$rtexit$$00000004  c_w.l(rtexit2.o)
    0x080001e0   0x00000708   Code   RO            1    .text               main.o
    0x080008e8   0x0000001a   Code   RO          161    .text               stm32f10x_it.o
    0x08000902   0x00000002   PAD
    0x08000904   0x000001e0   Code   RO          202    .text               system_stm32f10x.o
    0x08000ae4   0x0000004c   Code   RO          220    .text               led.o
    0x08000b30   0x000000d8   Code   RO          232    .text               key.o
    0x08000c08   0x00004a56   Code   RO          245    .text               lcd.o
    0x0800565e   0x00000002   PAD
    0x08005660   0x00000110   Code   RO          268    .text               spi.o
    0x08005770   0x00000084   Code   RO          298    .text               timer.o
    0x080057f4   0x00000244   Code   RO          314    .text               modbus.o
    0x08005a38   0x000000d4   Code   RO          343    .text               delay.o
    0x08005b0c   0x00000140   Code   RO          374    .text               usart.o
    0x08005c4c   0x00000040   Code   RO          410    .text               startup_stm32f10x_hd.o
    0x08005c8c   0x000000dc   Code   RO          414    .text               misc.o
    0x08005d68   0x0000060c   Code   RO          426    .text               stm32f10x_fsmc.o
    0x08006374   0x0000035c   Code   RO          438    .text               stm32f10x_gpio.o
    0x080066d0   0x000003a4   Code   RO          450    .text               stm32f10x_rcc.o
    0x08006a74   0x0000030c   Code   RO          464    .text               stm32f10x_spi.o
    0x08006d80   0x00000408   Code   RO          476    .text               stm32f10x_usart.o
    0x08007188   0x00000e1a   Code   RO          488    .text               stm32f10x_tim.o
    0x08007fa2   0x00000002   PAD
    0x08007fa4   0x000001e8   Code   RO          537    .text               sx1276-hal.o
    0x0800818c   0x0000003c   Code   RO          552    .text               radio.o
    0x080081c8   0x000002a4   Code   RO          571    .text               sx1276.o
    0x0800846c   0x000009b4   Code   RO          597    .text               sx1276-fsk.o
    0x08008e20   0x00000a18   Code   RO          623    .text               sx1276-fskmisc.o
    0x08009838   0x0000096c   Code   RO          636    .text               sx1276-lora.o
    0x0800a1a4   0x00000720   Code   RO          659    .text               sx1276-loramisc.o
    0x0800a8c4   0x00000002   Code   RO          674    .text               c_w.l(use_no_semi_2.o)
    0x0800a8c6   0x00000002   PAD
    0x0800a8c8   0x00000018   Code   RO          678    .text               c_w.l(noretval__2printf.o)
    0x0800a8e0   0x0000004e   Code   RO          682    .text               c_w.l(_printf_pad.o)
    0x0800a92e   0x00000052   Code   RO          684    .text               c_w.l(_printf_str.o)
    0x0800a980   0x00000078   Code   RO          686    .text               c_w.l(_printf_dec.o)
    0x0800a9f8   0x00000058   Code   RO          691    .text               c_w.l(_printf_hex_int.o)
    0x0800aa50   0x0000010e   Code   RO          717    .text               c_w.l(__printf_wp.o)
    0x0800ab5e   0x00000058   Code   RO          733    .text               c_w.l(memcmp.o)
    0x0800abb6   0x0000003e   Code   RO          735    .text               c_w.l(strlen.o)
    0x0800abf4   0x0000008a   Code   RO          737    .text               c_w.l(rt_memcpy_v6.o)
    0x0800ac7e   0x00000044   Code   RO          739    .text               c_w.l(rt_memclr.o)
    0x0800acc2   0x00000006   Code   RO          741    .text               c_w.l(heapauxi.o)
    0x0800acc8   0x00000002   Code   RO          785    .text               c_w.l(use_no_semi.o)
    0x0800acca   0x00000016   Code   RO          788    .text               c_w.l(_rserrno.o)
    0x0800ace0   0x000000b2   Code   RO          790    .text               c_w.l(_printf_intcommon.o)
    0x0800ad92   0x0000002c   Code   RO          792    .text               c_w.l(_printf_char.o)
    0x0800adbe   0x00000002   PAD
    0x0800adc0   0x00000024   Code   RO          794    .text               c_w.l(_printf_char_file.o)
    0x0800ade4   0x00000064   Code   RO          797    .text               c_w.l(rt_memcpy_w.o)
    0x0800ae48   0x0000004e   Code   RO          799    .text               c_w.l(rt_memclr_w.o)
    0x0800ae96   0x00000002   PAD
    0x0800ae98   0x00000008   Code   RO          859    .text               c_w.l(rt_errno_addr_intlibspace.o)
    0x0800aea0   0x00000030   Code   RO          861    .text               c_w.l(_printf_char_common.o)
    0x0800aed0   0x00000008   Code   RO          863    .text               c_w.l(ferror.o)
    0x0800aed8   0x00000008   Code   RO          871    .text               c_w.l(libspace.o)
    0x0800aee0   0x0000004a   Code   RO          874    .text               c_w.l(sys_stackheap_outer.o)
    0x0800af2a   0x00000012   Code   RO          878    .text               c_w.l(exit.o)
    0x0800af3c   0x00000028   Code   RO          828    i.__ARM_fpclassify  m_ws.l(fpclassify.o)
    0x0800af64   0x000000aa   Code   RO          830    i.__kernel_poly     m_ws.l(poly.o)
    0x0800b00e   0x00000002   PAD
    0x0800b010   0x00000010   Code   RO          814    i.__mathlib_dbl_divzero  m_ws.l(dunder.o)
    0x0800b020   0x00000004   Code   RO          816    i.__mathlib_dbl_infnan2  m_ws.l(dunder.o)
    0x0800b024   0x0000000c   Code   RO          817    i.__mathlib_dbl_invalid  m_ws.l(dunder.o)
    0x0800b030   0x0000000e   Code   RO          818    i.__mathlib_dbl_overflow  m_ws.l(dunder.o)
    0x0800b03e   0x00000002   PAD
    0x0800b040   0x00000010   Code   RO          820    i.__mathlib_dbl_underflow  m_ws.l(dunder.o)
    0x0800b050   0x0000000e   Code   RO          719    i._is_digit         c_w.l(__printf_wp.o)
    0x0800b05e   0x00000002   PAD
    0x0800b060   0x000009d8   Code   RO          774    i.pow               m_ws.l(pow.o)
    0x0800ba38   0x00000094   Code   RO          783    i.round             m_ws.l(round.o)
    0x0800bacc   0x0000004c   Code   RO          834    i.sqrt              m_ws.l(sqrt.o)
    0x0800bb18   0x00000150   Code   RO          745    x$fpl$dadd          fz_ws.l(daddsub_clz.o)
    0x0800bc68   0x00000010   Code   RO          867    x$fpl$dcheck1       fz_ws.l(dcheck1.o)
    0x0800bc78   0x00000018   Code   RO          801    x$fpl$dcmpinf       fz_ws.l(dcmpi.o)
    0x0800bc90   0x000002b0   Code   RO          752    x$fpl$ddiv          fz_ws.l(ddiv.o)
    0x0800bf40   0x0000005e   Code   RO          755    x$fpl$dfix          fz_ws.l(dfix.o)
    0x0800bf9e   0x00000002   PAD
    0x0800bfa0   0x0000005a   Code   RO          759    x$fpl$dfixu         fz_ws.l(dfixu.o)
    0x0800bffa   0x0000002e   Code   RO          764    x$fpl$dflt          fz_ws.l(dflt_clz.o)
    0x0800c028   0x00000026   Code   RO          763    x$fpl$dfltu         fz_ws.l(dflt_clz.o)
    0x0800c04e   0x00000002   PAD
    0x0800c050   0x00000078   Code   RO          769    x$fpl$dleqf         fz_ws.l(dleqf.o)
    0x0800c0c8   0x00000154   Code   RO          771    x$fpl$dmul          fz_ws.l(dmul.o)
    0x0800c21c   0x0000009c   Code   RO          803    x$fpl$dnaninf       fz_ws.l(dnaninf.o)
    0x0800c2b8   0x0000000c   Code   RO          805    x$fpl$dretinf       fz_ws.l(dretinf.o)
    0x0800c2c4   0x0000006c   Code   RO          807    x$fpl$drleqf        fz_ws.l(drleqf.o)
    0x0800c330   0x000000b4   Code   RO          809    x$fpl$drnd          fz_ws.l(drnd.o)
    0x0800c3e4   0x00000016   Code   RO          746    x$fpl$drsb          fz_ws.l(daddsub_clz.o)
    0x0800c3fa   0x00000002   PAD
    0x0800c3fc   0x000001cc   Code   RO          869    x$fpl$dsqrt         fz_ws.l(dsqrt_noumaal.o)
    0x0800c5c8   0x000001d4   Code   RO          747    x$fpl$dsub          fz_ws.l(daddsub_clz.o)
    0x0800c79c   0x00000064   Code   RO          886    x$fpl$retnan        fz_ws.l(retnan.o)
    0x0800c800   0x0000005c   Code   RO          811    x$fpl$scalbn        fz_ws.l(scalbn.o)
    0x0800c85c   0x00000030   Code   RO          935    x$fpl$trapveneer    fz_ws.l(trapv.o)
    0x0800c88c   0x00000000   Code   RO          813    x$fpl$usenofp       fz_ws.l(usenofp.o)
    0x0800c88c   0x000017c0   Data   RO          247    .constdata          lcd.o
    0x0800e04c   0x0000020c   Data   RO          316    .constdata          modbus.o
    0x0800e258   0x000001bc   Data   RO          638    .constdata          sx1276-lora.o
    0x0800e414   0x00000028   Data   RO          692    .constdata          c_w.l(_printf_hex_int.o)
    0x0800e43c   0x00000004   PAD
    0x0800e440   0x00000088   Data   RO          775    .constdata          m_ws.l(pow.o)
    0x0800e4c8   0x00000008   Data   RO          832    .constdata          m_ws.l(qnan.o)
    0x0800e4d0   0x0000011c   Data   RO            3    .conststring        main.o
    0x0800e5ec   0x00000020   Data   RO         1010    Region$$Table       anon$$obj.o


    Execution Region RW_IRAM1 (Base: 0x20000000, Size: 0x00000ce0, Max: 0x00010000, ABSOLUTE)

    Base Addr    Size         Type   Attr      Idx    E Section Name        Object

    0x20000000   0x00000010   Data   RW            4    .data               main.o
    0x20000010   0x00000014   Data   RW          203    .data               system_stm32f10x.o
    0x20000024   0x00000001   Data   RW          233    .data               key.o
    0x20000025   0x00000001   PAD
    0x20000026   0x00000004   Data   RW          248    .data               lcd.o
    0x2000002a   0x00000002   PAD
    0x2000002c   0x0000000c   Data   RW          317    .data               modbus.o
    0x20000038   0x00000004   Data   RW          344    .data               delay.o
    0x2000003c   0x00000006   Data   RW          376    .data               usart.o
    0x20000042   0x00000014   Data   RW          451    .data               stm32f10x_rcc.o
    0x20000056   0x00000002   PAD
    0x20000058   0x00000004   Data   RW          516    .data               sx12xxeiger.o
    0x2000005c   0x00000002   Data   RW          573    .data               sx1276.o
    0x2000005e   0x00000002   PAD
    0x20000060   0x0000005a   Data   RW          599    .data               sx1276-fsk.o
    0x200000ba   0x00000006   PAD
    0x200000c0   0x00000040   Data   RW          639    .data               sx1276-lora.o
    0x20000100   0x0000001e   Zero   RW            2    .bss                main.o
    0x2000011e   0x0000000e   Zero   RW          246    .bss                lcd.o
    0x2000012c   0x000001fe   Zero   RW          315    .bss                modbus.o
    0x2000032a   0x000000c8   Zero   RW          375    .bss                usart.o
    0x200003f2   0x00000002   PAD
    0x200003f4   0x00000018   Zero   RW          553    .bss                radio.o
    0x2000040c   0x00000070   Zero   RW          572    .bss                sx1276.o
    0x2000047c   0x00000100   Zero   RW          598    .bss                sx1276-fsk.o
    0x2000057c   0x00000100   Zero   RW          637    .bss                sx1276-lora.o
    0x2000067c   0x00000060   Zero   RW          872    .bss                c_w.l(libspace.o)
    0x200006dc   0x00000004   PAD
    0x200006e0   0x00000200   Zero   RW          408    HEAP                startup_stm32f10x_hd.o
    0x200008e0   0x00000400   Zero   RW          407    STACK               startup_stm32f10x_hd.o


==============================================================================

Image component sizes


      Code (inc. data)   RO Data    RW Data    ZI Data      Debug   Object Name

       212         18          0          4          0       1187   delay.o
       216         14          0          1          0        892   key.o
     19030        162       6080          4         14      22722   lcd.o
        76          8          0          0          0        571   led.o
      1800        860        284         16         30     286345   main.o
       220         22          0          0          0       1945   misc.o
       580         82        524         12        510       4278   modbus.o
        60         30          0          0         24       1332   radio.o
       272          8          0          0          0       1378   spi.o
        64         26        304          0       1536        844   startup_stm32f10x_hd.o
      1548         18          0          0          0       5523   stm32f10x_fsmc.o
       860         38          0          0          0       5877   stm32f10x_gpio.o
        26          0          0          0          0       1254   stm32f10x_it.o
       932         36          0         20          0       9128   stm32f10x_rcc.o
       780         14          0          0          0       6758   stm32f10x_spi.o
      3610         88          0          0          0      22984   stm32f10x_tim.o
      1032         22          0          0          0       8604   stm32f10x_usart.o
      2484        182          0         90        256      34013   sx1276-fsk.o
      2584         48          0          0          0       7891   sx1276-fskmisc.o
       488         14          0          0          0       5031   sx1276-hal.o
      2412        184        444         64        256      20439   sx1276-lora.o
      1824         20          0          0          0       7992   sx1276-loramisc.o
       676         56          0          2        112      32533   sx1276.o
         0          0          0          4          0        890   sx12xxeiger.o
         0          0          0          0          0         32   sys.o
       480         38          0         20          0       1959   system_stm32f10x.o
       132         10          0          0          0        864   timer.o
       320         16          0          6        200       3426   usart.o

    ----------------------------------------------------------------------
     42724       2014       7668        256       2940     496692   Object Totals
         0          0         32          0          0          0   (incl. Generated)
         6          0          0         13          2          0   (incl. Padding)

    ----------------------------------------------------------------------

      Code (inc. data)   RO Data    RW Data    ZI Data      Debug   Library Member Name

         8          0          0          0          0         68   __main.o
       284          0          0          0          0        156   __printf_wp.o
         0          0          0          0          0          0   __rtentry.o
        12          0          0          0          0          0   __rtentry2.o
         6          0          0          0          0          0   __rtentry4.o
        52          8          0          0          0          0   __scatter.o
        26          0          0          0          0          0   __scatter_copy.o
        28          0          0          0          0          0   __scatter_zi.o
        44          0          0          0          0        108   _printf_char.o
        48          6          0          0          0         96   _printf_char_common.o
        36          4          0          0          0         80   _printf_char_file.o
         6          0          0          0          0          0   _printf_d.o
       120         16          0          0          0         92   _printf_dec.o
        88          4         40          0          0         88   _printf_hex_int.o
       178          0          0          0          0         88   _printf_intcommon.o
        78          0          0          0          0        108   _printf_pad.o
         0          0          0          0          0          0   _printf_percent.o
         4          0          0          0          0          0   _printf_percent_end.o
         6          0          0          0          0          0   _printf_s.o
        82          0          0          0          0         80   _printf_str.o
         6          0          0          0          0          0   _printf_x.o
        22          0          0          0          0        100   _rserrno.o
        18          0          0          0          0         80   exit.o
         8          0          0          0          0         68   ferror.o
         6          0          0          0          0        152   heapauxi.o
         2          0          0          0          0          0   libinit.o
         2          0          0          0          0          0   libinit2.o
         2          0          0          0          0          0   libshutdown.o
         2          0          0          0          0          0   libshutdown2.o
         8          4          0          0         96         68   libspace.o
        88          0          0          0          0         76   memcmp.o
        24          4          0          0          0         84   noretval__2printf.o
         8          4          0          0          0         68   rt_errno_addr_intlibspace.o
        68          0          0          0          0         68   rt_memclr.o
        78          0          0          0          0         80   rt_memclr_w.o
       138          0          0          0          0         68   rt_memcpy_v6.o
       100          0          0          0          0         80   rt_memcpy_w.o
         2          0          0          0          0          0   rtexit.o
        10          0          0          0          0          0   rtexit2.o
        62          0          0          0          0         76   strlen.o
        74          0          0          0          0         80   sys_stackheap_outer.o
         2          0          0          0          0         68   use_no_semi.o
         2          0          0          0          0         68   use_no_semi_2.o
       826         16          0          0          0        348   daddsub_clz.o
        16          4          0          0          0         68   dcheck1.o
        24          0          0          0          0         68   dcmpi.o
       688        140          0          0          0        208   ddiv.o
        94          4          0          0          0         92   dfix.o
        90          4          0          0          0         92   dfixu.o
        84          0          0          0          0        136   dflt_clz.o
       120          4          0          0          0         92   dleqf.o
       340         12          0          0          0        104   dmul.o
       156          4          0          0          0         92   dnaninf.o
        12          0          0          0          0         68   dretinf.o
       108          0          0          0          0         80   drleqf.o
       180          4          0          0          0         80   drnd.o
       460         56          0          0          0        120   dsqrt_noumaal.o
       100          0          0          0          0         68   retnan.o
        92          0          0          0          0         68   scalbn.o
        48          0          0          0          0         68   trapv.o
         0          0          0          0          0          0   usenofp.o
        62         10          0          0          0        340   dunder.o
        40          0          0          0          0         68   fpclassify.o
       170          0          0          0          0         96   poly.o
      2520        190        136          0          0        324   pow.o
         0          0          8          0          0          0   qnan.o
       148         12          0          0          0         88   round.o
        76          0          0          0          0         84   sqrt.o

    ----------------------------------------------------------------------
      8312        510        188          0        100       5100   Library Totals
        20          0          4          0          4          0   (incl. Padding)

    ----------------------------------------------------------------------

      Code (inc. data)   RO Data    RW Data    ZI Data      Debug   Library Name

      1838         50         40          0         96       2248   c_w.l
      3438        248          0          0          0       1852   fz_ws.l
      3016        212        144          0          0       1000   m_ws.l

    ----------------------------------------------------------------------
      8312        510        188          0        100       5100   Library Totals

    ----------------------------------------------------------------------

==============================================================================


      Code (inc. data)   RO Data    RW Data    ZI Data      Debug   

     51036       2524       7856        256       3040     496744   Grand Totals
     51036       2524       7856        256       3040     496744   ELF Image Totals
     51036       2524       7856        256          0          0   ROM Totals

==============================================================================

    Total RO  Size (Code + RO Data)                58892 (  57.51kB)
    Total RW  Size (RW Data + ZI Data)              3296 (   3.22kB)
    Total ROM Size (Code + RO Data + RW Data)      59148 (  57.76kB)

==============================================================================

